Archive member included to satisfy reference by file (symbol)

/root/hpc/x86_64-native-linuxapp-gcc/lib/librte_mbuf.a(rte_mbuf.o)
                              (--whole-archive)
/root/hpc/x86_64-native-linuxapp-gcc/lib/librte_malloc.a(rte_malloc.o)
                              (--whole-archive)
/root/hpc/x86_64-native-linuxapp-gcc/lib/librte_malloc.a(malloc_elem.o)
                              (--whole-archive)
/root/hpc/x86_64-native-linuxapp-gcc/lib/librte_malloc.a(malloc_heap.o)
                              (--whole-archive)
/root/hpc/x86_64-native-linuxapp-gcc/lib/librte_mempool.a(rte_mempool.o)
                              (--whole-archive)
/root/hpc/x86_64-native-linuxapp-gcc/lib/librte_ring.a(rte_ring.o)
                              (--whole-archive)
/root/hpc/x86_64-native-linuxapp-gcc/lib/librte_eal.a(eal.o)
                              (--whole-archive)
/root/hpc/x86_64-native-linuxapp-gcc/lib/librte_eal.a(eal_hugepage_info.o)
                              (--whole-archive)
/root/hpc/x86_64-native-linuxapp-gcc/lib/librte_eal.a(eal_memory.o)
                              (--whole-archive)
/root/hpc/x86_64-native-linuxapp-gcc/lib/librte_eal.a(eal_thread.o)
                              (--whole-archive)
/root/hpc/x86_64-native-linuxapp-gcc/lib/librte_eal.a(eal_log.o)
                              (--whole-archive)
/root/hpc/x86_64-native-linuxapp-gcc/lib/librte_eal.a(eal_debug.o)
                              (--whole-archive)
/root/hpc/x86_64-native-linuxapp-gcc/lib/librte_eal.a(eal_lcore.o)
                              (--whole-archive)
/root/hpc/x86_64-native-linuxapp-gcc/lib/librte_eal.a(eal_timer.o)
                              (--whole-archive)
/root/hpc/x86_64-native-linuxapp-gcc/lib/librte_eal.a(eal_common_memzone.o)
                              (--whole-archive)
/root/hpc/x86_64-native-linuxapp-gcc/lib/librte_eal.a(eal_common_log.o)
                              (--whole-archive)
/root/hpc/x86_64-native-linuxapp-gcc/lib/librte_eal.a(eal_common_launch.o)
                              (--whole-archive)
/root/hpc/x86_64-native-linuxapp-gcc/lib/librte_eal.a(eal_common_memory.o)
                              (--whole-archive)
/root/hpc/x86_64-native-linuxapp-gcc/lib/librte_eal.a(eal_common_tailqs.o)
                              (--whole-archive)
/root/hpc/x86_64-native-linuxapp-gcc/lib/librte_eal.a(eal_common_errno.o)
                              (--whole-archive)
/root/hpc/x86_64-native-linuxapp-gcc/lib/librte_eal.a(eal_common_cpuflags.o)
                              (--whole-archive)
/root/hpc/x86_64-native-linuxapp-gcc/lib/librte_eal.a(eal_common_string_fns.o)
                              (--whole-archive)
/root/hpc/x86_64-native-linuxapp-gcc/lib/librte_eal.a(eal_common_hexdump.o)
                              (--whole-archive)
/root/hpc/x86_64-native-linuxapp-gcc/lib/librte_eal.a(eal_common_devargs.o)
                              (--whole-archive)
/root/hpc/x86_64-native-linuxapp-gcc/lib/librte_eal.a(eal_common_dev.o)
                              (--whole-archive)
/root/hpc/x86_64-native-linuxapp-gcc/lib/librte_eal.a(eal_common_options.o)
                              (--whole-archive)
/root/hpc/x86_64-native-linuxapp-gcc/lib/librte_eal.a(eal_common_thread.o)
                              (--whole-archive)
/root/hpc/x86_64-native-linuxapp-gcc/lib/librte_cmdline.a(cmdline.o)
                              (--whole-archive)
/root/hpc/x86_64-native-linuxapp-gcc/lib/librte_cmdline.a(cmdline_cirbuf.o)
                              (--whole-archive)
/root/hpc/x86_64-native-linuxapp-gcc/lib/librte_cmdline.a(cmdline_parse.o)
                              (--whole-archive)
/root/hpc/x86_64-native-linuxapp-gcc/lib/librte_cmdline.a(cmdline_parse_etheraddr.o)
                              (--whole-archive)
/root/hpc/x86_64-native-linuxapp-gcc/lib/librte_cmdline.a(cmdline_parse_ipaddr.o)
                              (--whole-archive)
/root/hpc/x86_64-native-linuxapp-gcc/lib/librte_cmdline.a(cmdline_parse_num.o)
                              (--whole-archive)
/root/hpc/x86_64-native-linuxapp-gcc/lib/librte_cmdline.a(cmdline_parse_string.o)
                              (--whole-archive)
/root/hpc/x86_64-native-linuxapp-gcc/lib/librte_cmdline.a(cmdline_rdline.o)
                              (--whole-archive)
/root/hpc/x86_64-native-linuxapp-gcc/lib/librte_cmdline.a(cmdline_vt100.o)
                              (--whole-archive)
/root/hpc/x86_64-native-linuxapp-gcc/lib/librte_cmdline.a(cmdline_socket.o)
                              (--whole-archive)
/root/hpc/x86_64-native-linuxapp-gcc/lib/librte_cmdline.a(cmdline_parse_portlist.o)
                              (--whole-archive)
/root/hpc/x86_64-native-linuxapp-gcc/lib/librte_cfgfile.a(rte_cfgfile.o)
                              (--whole-archive)
/usr/lib/x86_64-linux-gnu/libc_nonshared.a(elf-init.oS)
                              /usr/lib/gcc/x86_64-linux-gnu/4.8/../../../x86_64-linux-gnu/crt1.o (__libc_csu_init)

[...]
Memory Configuration

Name             Origin             Length             Attributes
*default*        0x0000000000000000 0xffffffffffffffff

Linker script and memory map

LOAD /usr/lib/gcc/x86_64-linux-gnu/4.8/../../../x86_64-linux-gnu/crt1.o
LOAD /usr/lib/gcc/x86_64-linux-gnu/4.8/../../../x86_64-linux-gnu/crti.o
LOAD /usr/lib/gcc/x86_64-linux-gnu/4.8/crtbegin.o
LOAD main.o
LOAD commands.o
LOAD parse_obj_list.o
START GROUP
LOAD /root/hpc/x86_64-native-linuxapp-gcc/lib/librte_mbuf.a
LOAD /root/hpc/x86_64-native-linuxapp-gcc/lib/librte_malloc.a
LOAD /root/hpc/x86_64-native-linuxapp-gcc/lib/librte_mempool.a
LOAD /root/hpc/x86_64-native-linuxapp-gcc/lib/librte_ring.a
LOAD /root/hpc/x86_64-native-linuxapp-gcc/lib/librte_eal.a
LOAD /root/hpc/x86_64-native-linuxapp-gcc/lib/librte_cmdline.a
LOAD /root/hpc/x86_64-native-linuxapp-gcc/lib/librte_cfgfile.a
LOAD /usr/lib/gcc/x86_64-linux-gnu/4.8/../../../x86_64-linux-gnu/librt.so
LOAD /usr/lib/gcc/x86_64-linux-gnu/4.8/../../../x86_64-linux-gnu/libm.so
LOAD /usr/lib/gcc/x86_64-linux-gnu/4.8/../../../x86_64-linux-gnu/libdl.so
END GROUP
LOAD /usr/lib/gcc/x86_64-linux-gnu/4.8/libgcc.a
LOAD /usr/lib/gcc/x86_64-linux-gnu/4.8/libgcc_s.so
LOAD /usr/lib/gcc/x86_64-linux-gnu/4.8/../../../x86_64-linux-gnu/libpthread.so
START GROUP
LOAD /lib/x86_64-linux-gnu/libpthread.so.0
LOAD /usr/lib/x86_64-linux-gnu/libpthread_nonshared.a
END GROUP
LOAD /usr/lib/gcc/x86_64-linux-gnu/4.8/../../../x86_64-linux-gnu/libc.so
START GROUP
LOAD /lib/x86_64-linux-gnu/libc.so.6
LOAD /usr/lib/x86_64-linux-gnu/libc_nonshared.a
LOAD /lib/x86_64-linux-gnu/ld-linux-x86-64.so.2
END GROUP
LOAD /usr/lib/gcc/x86_64-linux-gnu/4.8/libgcc.a
LOAD /usr/lib/gcc/x86_64-linux-gnu/4.8/libgcc_s.so
LOAD /usr/lib/gcc/x86_64-linux-gnu/4.8/crtend.o
LOAD /usr/lib/gcc/x86_64-linux-gnu/4.8/../../../x86_64-linux-gnu/crtn.o
                0x0000000000400000                PROVIDE (__executable_start, 0x400000)
                0x0000000000400270                . = (0x400000 + SIZEOF_HEADERS)

.interp         0x0000000000400270       0x1c
 *(.interp)
 .interp        0x0000000000400270       0x1c /usr/lib/gcc/x86_64-linux-gnu/4.8/../../../x86_64-linux-gnu/crt1.o

.note.ABI-tag   0x000000000040028c       0x20
 .note.ABI-tag  0x000000000040028c       0x20 /usr/lib/gcc/x86_64-linux-gnu/4.8/../../../x86_64-linux-gnu/crt1.o

.note.gnu.build-id
                0x00000000004002ac       0x24
 *(.note.gnu.build-id)
 .note.gnu.build-id
                0x00000000004002ac       0x24 /usr/lib/gcc/x86_64-linux-gnu/4.8/../../../x86_64-linux-gnu/crt1.o

.hash
 *(.hash)

.gnu.hash       0x00000000004002d0      0x824
 *(.gnu.hash)
 .gnu.hash      0x00000000004002d0      0x824 /usr/lib/gcc/x86_64-linux-gnu/4.8/../../../x86_64-linux-gnu/crt1.o

.dynsym         0x0000000000400af8     0x21f0
 *(.dynsym)
 .dynsym        0x0000000000400af8     0x21f0 /usr/lib/gcc/x86_64-linux-gnu/4.8/../../../x86_64-linux-gnu/crt1.o

.dynstr         0x0000000000402ce8     0x1669
 *(.dynstr)
 .dynstr        0x0000000000402ce8     0x1669 /usr/lib/gcc/x86_64-linux-gnu/4.8/../../../x86_64-linux-gnu/crt1.o

.gnu.version    0x0000000000404352      0x2d4
 *(.gnu.version)
 .gnu.version   0x0000000000404352      0x2d4 /usr/lib/gcc/x86_64-linux-gnu/4.8/../../../x86_64-linux-gnu/crt1.o

.gnu.version_d  0x0000000000404628        0x0
 *(.gnu.version_d)
 .gnu.version_d
                0x0000000000000000        0x0 /usr/lib/gcc/x86_64-linux-gnu/4.8/../../../x86_64-linux-gnu/crt1.o

.gnu.version_r  0x0000000000404628       0xe0
 *(.gnu.version_r)
 .gnu.version_r
                0x0000000000404628       0xe0 /usr/lib/gcc/x86_64-linux-gnu/4.8/../../../x86_64-linux-gnu/crt1.o

.rela.dyn       0x0000000000404708       0xf0
 *(.rela.init)
 *(.rela.text .rela.text.* .rela.gnu.linkonce.t.*)
 .rela.text     0x0000000000000000        0x0 /usr/lib/gcc/x86_64-linux-gnu/4.8/../../../x86_64-linux-gnu/crt1.o
 .rela.text.startup
                0x0000000000000000        0x0 /usr/lib/gcc/x86_64-linux-gnu/4.8/../../../x86_64-linux-gnu/crt1.o
 .rela.text.unlikely
                0x0000000000000000        0x0 /usr/lib/gcc/x86_64-linux-gnu/4.8/../../../x86_64-linux-gnu/crt1.o
 *(.rela.fini)
 *(.rela.rodata .rela.rodata.* .rela.gnu.linkonce.r.*)
 *(.rela.data .rela.data.* .rela.gnu.linkonce.d.*)
 .rela.data     0x0000000000000000        0x0 /usr/lib/gcc/x86_64-linux-gnu/4.8/../../../x86_64-linux-gnu/crt1.o
 *(.rela.tdata .rela.tdata.* .rela.gnu.linkonce.td.*)
 *(.rela.tbss .rela.tbss.* .rela.gnu.linkonce.tb.*)
 *(.rela.ctors)
 *(.rela.dtors)
 *(.rela.got)
 .rela.got      0x0000000000404708       0x78 /usr/lib/gcc/x86_64-linux-gnu/4.8/../../../x86_64-linux-gnu/crt1.o
 *(.rela.bss .rela.bss.* .rela.gnu.linkonce.b.*)
 .rela.bss      0x0000000000404780       0x78 /usr/lib/gcc/x86_64-linux-gnu/4.8/../../../x86_64-linux-gnu/crt1.o
 *(.rela.ldata .rela.ldata.* .rela.gnu.linkonce.l.*)
 *(.rela.lbss .rela.lbss.* .rela.gnu.linkonce.lb.*)
 *(.rela.lrodata .rela.lrodata.* .rela.gnu.linkonce.lr.*)
 *(.rela.ifunc)

.rela.plt       0x00000000004047f8      0x990
 *(.rela.plt)
 .rela.plt      0x00000000004047f8      0x990 /usr/lib/gcc/x86_64-linux-gnu/4.8/../../../x86_64-linux-gnu/crt1.o
                0x0000000000405188                PROVIDE (__rela_iplt_start, .)
 *(.rela.iplt)
 .rela.iplt     0x0000000000000000        0x0 /usr/lib/gcc/x86_64-linux-gnu/4.8/../../../x86_64-linux-gnu/crt1.o
                0x0000000000405188                PROVIDE (__rela_iplt_end, .)

.init           0x0000000000405188       0x1a
 *(SORT(.init))
 .init          0x0000000000405188       0x15 /usr/lib/gcc/x86_64-linux-gnu/4.8/../../../x86_64-linux-gnu/crti.o
                0x0000000000405188                _init
 .init          0x000000000040519d        0x5 /usr/lib/gcc/x86_64-linux-gnu/4.8/../../../x86_64-linux-gnu/crtn.o

.plt            0x00000000004051b0      0x670
 *(.plt)
 .plt           0x00000000004051b0      0x670 /usr/lib/gcc/x86_64-linux-gnu/4.8/../../../x86_64-linux-gnu/crt1.o
                0x00000000004051c0                getenv@@GLIBC_2.2.5
                0x00000000004051d0                __snprintf_chk@@GLIBC_2.3.4
                0x00000000004051e0                free@@GLIBC_2.2.5
                0x00000000004051f0                pthread_create@@GLIBC_2.2.5
                0x0000000000405200                __vfprintf_chk@@GLIBC_2.3.4
                0x0000000000405210                abort@@GLIBC_2.2.5
                0x0000000000405220                __errno_location@@GLIBC_2.2.5
                0x0000000000405230                mlock@@GLIBC_2.2.5
                0x0000000000405240                unlink@@GLIBC_2.2.5
                0x0000000000405250                strncpy@@GLIBC_2.2.5
                0x0000000000405260                strncmp@@GLIBC_2.2.5
                0x0000000000405270                fopencookie@@GLIBC_2.2.5
                0x0000000000405280                unlinkat@@GLIBC_2.4
                0x0000000000405290                puts@@GLIBC_2.2.5
                0x00000000004052a0                backtrace_symbols@@GLIBC_2.2.5
                0x00000000004052b0                __xpg_strerror_r@@GLIBC_2.3.4
                0x00000000004052c0                fcntl@@GLIBC_2.2.5
                0x00000000004052d0                write@@GLIBC_2.2.5
                0x00000000004052e0                fclose@@GLIBC_2.2.5
                0x00000000004052f0                opendir@@GLIBC_2.2.5
                0x0000000000405300                strlen@@GLIBC_2.2.5
                0x0000000000405310                backtrace@@GLIBC_2.2.5
                0x0000000000405320                openat@@GLIBC_2.4
                0x0000000000405330                __stack_chk_fail@@GLIBC_2.4
                0x0000000000405340                getuid@@GLIBC_2.2.5
                0x0000000000405350                mmap@@GLIBC_2.2.5
                0x0000000000405360                getopt_long@@GLIBC_2.2.5
                0x0000000000405370                setbuf@@GLIBC_2.2.5
                0x0000000000405380                pthread_setaffinity_np@@GLIBC_2.3.4
                0x0000000000405390                strchr@@GLIBC_2.2.5
                0x00000000004053a0                snprintf@@GLIBC_2.2.5
                0x00000000004053b0                nanosleep@@GLIBC_2.2.5
                0x00000000004053c0                strrchr@@GLIBC_2.2.5
                0x00000000004053d0                ftruncate@@GLIBC_2.2.5
                0x00000000004053e0                __assert_fail@@GLIBC_2.2.5
                0x00000000004053f0                iopl@@GLIBC_2.2.5
                0x0000000000405400                fputs@@GLIBC_2.2.5
                0x0000000000405410                fnmatch@@GLIBC_2.2.5
                0x0000000000405420                memset@@GLIBC_2.2.5
                0x0000000000405430                fscanf@@GLIBC_2.2.5
                0x0000000000405440                index@@GLIBC_2.2.5
                0x0000000000405450                strnlen@@GLIBC_2.2.5
                0x0000000000405460                close@@GLIBC_2.2.5
                0x0000000000405470                pipe@@GLIBC_2.2.5
                0x0000000000405480                closedir@@GLIBC_2.2.5
                0x0000000000405490                fputc@@GLIBC_2.2.5
                0x00000000004054a0                __strdup@@GLIBC_2.2.5
                0x00000000004054b0                memchr@@GLIBC_2.2.5
                0x00000000004054c0                read@@GLIBC_2.2.5
                0x00000000004054d0                __libc_start_main@@GLIBC_2.2.5
                0x00000000004054e0                memcmp@@GLIBC_2.2.5
                0x00000000004054f0                fgets@@GLIBC_2.2.5
                0x0000000000405500                strtoull@@GLIBC_2.2.5
                0x0000000000405510                calloc@@GLIBC_2.2.5
                0x0000000000405520                __vdprintf_chk@@GLIBC_2.8
                0x0000000000405530                __fxstat64@@GLIBC_2.2.5
                0x0000000000405540                strcmp@@GLIBC_2.2.5
                0x0000000000405550                dirfd@@GLIBC_2.2.5
                0x0000000000405560                __memcpy_chk@@GLIBC_2.3.4
                0x0000000000405570                syscall@@GLIBC_2.2.5
                0x0000000000405580                feof@@GLIBC_2.2.5
                0x00000000004055a0                fopen64@@GLIBC_2.2.5
                0x00000000004055b0                strtol@@GLIBC_2.2.5
                0x00000000004055c0                memcpy@@GLIBC_2.14
                0x00000000004055d0                fileno@@GLIBC_2.2.5
                0x00000000004055e0                readdir@@GLIBC_2.2.5
                0x00000000004055f0                dlopen@@GLIBC_2.2.5
                0x0000000000405600                mmap64@@GLIBC_2.2.5
                0x0000000000405610                malloc@@GLIBC_2.2.5
                0x0000000000405620                strncasecmp@@GLIBC_2.2.5
                0x0000000000405630                fflush@@GLIBC_2.2.5
                0x0000000000405640                clock_gettime@@GLIBC_2.2.5
                0x0000000000405650                realloc@@GLIBC_2.2.5
                0x0000000000405660                srand48@@GLIBC_2.2.5
                0x0000000000405670                munmap@@GLIBC_2.2.5
                0x0000000000405680                ftruncate64@@GLIBC_2.2.5
                0x0000000000405690                __printf_chk@@GLIBC_2.3.4
                0x00000000004056a0                poll@@GLIBC_2.2.5
                0x00000000004056b0                open64@@GLIBC_2.2.5
                0x00000000004056c0                memmove@@GLIBC_2.2.5
                0x00000000004056d0                __syslog_chk@@GLIBC_2.4
                0x00000000004056e0                pthread_self@@GLIBC_2.2.5
                0x00000000004056f0                tcgetattr@@GLIBC_2.2.5
                0x0000000000405700                tcsetattr@@GLIBC_2.2.5
                0x0000000000405710                open@@GLIBC_2.2.5
                0x0000000000405720                access@@GLIBC_2.2.5
                0x0000000000405730                fopen@@GLIBC_2.2.5
                0x0000000000405740                sysconf@@GLIBC_2.2.5
                0x0000000000405750                strtoul@@GLIBC_2.2.5
                0x0000000000405760                flock@@GLIBC_2.2.5
                0x0000000000405770                openlog@@GLIBC_2.2.5
                0x0000000000405780                getpagesize@@GLIBC_2.2.5
                0x0000000000405790                exit@@GLIBC_2.2.5
                0x00000000004057a0                fwrite@@GLIBC_2.2.5
                0x00000000004057b0                lseek64@@GLIBC_2.2.5
                0x00000000004057c0                __fprintf_chk@@GLIBC_2.3.4
                0x00000000004057d0                strerror@@GLIBC_2.2.5
                0x00000000004057e0                sleep@@GLIBC_2.2.5
                0x00000000004057f0                strstr@@GLIBC_2.2.5
                0x0000000000405800                dlerror@@GLIBC_2.2.5
                0x0000000000405810                __ctype_b_loc@@GLIBC_2.3
 *(.iplt)
 .iplt          0x0000000000000000        0x0 /usr/lib/gcc/x86_64-linux-gnu/4.8/../../../x86_64-linux-gnu/crt1.o

.text           0x0000000000405820    0x144a2
 *(.text.unlikely .text.*_unlikely .text.unlikely.*)
 .text.unlikely
                0x0000000000405820       0xc6 /root/hpc/x86_64-native-linuxapp-gcc/lib/librte_eal.a(eal_debug.o)
                0x0000000000405820                __rte_panic
 .text.unlikely
                0x00000000004058e6       0x8a /root/hpc/x86_64-native-linuxapp-gcc/lib/librte_eal.a(eal_common_log.o)
                0x00000000004058e6                rte_log
 *(.text.exit .text.exit.*)
 *(.text.startup .text.startup.*)
 .text.startup  0x0000000000405970       0x61 main.o
                0x0000000000405970                main
 *fill*         0x00000000004059d1        0xf 
 .text.startup  0x00000000004059e0       0x2c /root/hpc/x86_64-native-linuxapp-gcc/lib/librte_malloc.a(rte_malloc.o)
 *fill*         0x0000000000405a0c        0x4 
 .text.startup  0x0000000000405a10       0x2c /root/hpc/x86_64-native-linuxapp-gcc/lib/librte_malloc.a(malloc_elem.o)
 *fill*         0x0000000000405a3c        0x4 
 .text.startup  0x0000000000405a40       0x2c /root/hpc/x86_64-native-linuxapp-gcc/lib/librte_malloc.a(malloc_heap.o)
 *fill*         0x0000000000405a6c        0x4 
 .text.startup  0x0000000000405a70       0x62 /root/hpc/x86_64-native-linuxapp-gcc/lib/librte_mempool.a(rte_mempool.o)
                0x0000000000405aa0                tailqinitfn_rte_mempool_tailq
 *fill*         0x0000000000405ad2        0xe 
 .text.startup  0x0000000000405ae0       0x62 /root/hpc/x86_64-native-linuxapp-gcc/lib/librte_ring.a(rte_ring.o)
                0x0000000000405b10                tailqinitfn_rte_ring_tailq
 *fill*         0x0000000000405b42        0xe 
 .text.startup  0x0000000000405b50       0x2c /root/hpc/x86_64-native-linuxapp-gcc/lib/librte_eal.a(eal.o)
 *fill*         0x0000000000405b7c        0x4 
 .text.startup  0x0000000000405b80       0x2c /root/hpc/x86_64-native-linuxapp-gcc/lib/librte_eal.a(eal_memory.o)
 *fill*         0x0000000000405bac        0x4 
 .text.startup  0x0000000000405bb0       0x2c /root/hpc/x86_64-native-linuxapp-gcc/lib/librte_eal.a(eal_log.o)
 *fill*         0x0000000000405bdc        0x4 
 .text.startup  0x0000000000405be0       0x2c /root/hpc/x86_64-native-linuxapp-gcc/lib/librte_eal.a(eal_common_memzone.o)
 *fill*         0x0000000000405c0c        0x4 
 .text.startup  0x0000000000405c10       0x2c /root/hpc/x86_64-native-linuxapp-gcc/lib/librte_eal.a(eal_common_log.o)
 *fill*         0x0000000000405c3c        0x4 
 .text.startup  0x0000000000405c40       0x2c /root/hpc/x86_64-native-linuxapp-gcc/lib/librte_eal.a(eal_common_memory.o)
 *fill*         0x0000000000405c6c        0x4 
 .text.startup  0x0000000000405c70       0x2c /root/hpc/x86_64-native-linuxapp-gcc/lib/librte_eal.a(eal_common_tailqs.o)
 *fill*         0x0000000000405c9c        0x4 
 .text.startup  0x0000000000405ca0      0x104 /root/hpc/x86_64-native-linuxapp-gcc/lib/librte_eal.a(eal_common_cpuflags.o)
                0x0000000000405ca0                rte_cpu_check_supported
 *(.text.hot .text.hot.*)
 *(.text .stub .text.* .gnu.linkonce.t.*)
 .text          0x0000000000405da4       0x2a /usr/lib/gcc/x86_64-linux-gnu/4.8/../../../x86_64-linux-gnu/crt1.o
                0x0000000000405da4                _start
 .text          0x0000000000405dce        0x0 /usr/lib/gcc/x86_64-linux-gnu/4.8/../../../x86_64-linux-gnu/crti.o
 *fill*         0x0000000000405dce        0x2 
 .text          0x0000000000405dd0       0xbd /usr/lib/gcc/x86_64-linux-gnu/4.8/crtbegin.o
 .text          0x0000000000405e8d        0x0 main.o
 *fill*         0x0000000000405e8d        0x3 
 .text          0x0000000000405e90      0x411 commands.o
 *fill*         0x00000000004062a1        0xf 
 .text          0x00000000004062b0      0x1aa parse_obj_list.o
                0x00000000004062b0                complete_get_nb_obj_list
                0x00000000004062d0                parse_obj_list
                0x00000000004063a0                get_help_obj_list
                0x00000000004063c0                complete_get_elt_obj_list
 *fill*         0x000000000040645a        0x6 
 .text          0x0000000000406460      0x662 /root/hpc/x86_64-native-linuxapp-gcc/lib/librte_mbuf.a(rte_mbuf.o)
                0x0000000000406460                rte_pktmbuf_pool_init
                0x00000000004064b0                rte_pktmbuf_init
                0x0000000000406580                rte_ctrlmbuf_init
                0x0000000000406660                rte_pktmbuf_pool_create
                0x00000000004066c0                rte_mbuf_sanity_check
                0x00000000004067a0                rte_pktmbuf_dump
                0x0000000000406880                rte_get_rx_ol_flag_name
                0x0000000000406980                rte_get_tx_ol_flag_name
 *fill*         0x0000000000406ac2        0xe 
 .text          0x0000000000406ad0     0x2523 /root/hpc/x86_64-native-linuxapp-gcc/lib/librte_malloc.a(rte_malloc.o)
                0x0000000000406ad0                rte_free
                0x0000000000406b30                rte_malloc_socket
                0x0000000000406c90                rte_malloc
                0x0000000000406df0                rte_zmalloc_socket
                0x0000000000406f80                rte_zmalloc
                0x0000000000407100                rte_calloc_socket
                0x0000000000407290                rte_calloc
                0x0000000000407410                rte_realloc
                0x0000000000408e00                rte_malloc_validate
                0x0000000000408e50                rte_malloc_get_socket_stats
                0x0000000000408ea0                rte_malloc_dump_stats
                0x0000000000408fa0                rte_malloc_set_limit
                0x0000000000408fb0                rte_malloc_virt2phy
 *fill*         0x0000000000408ff3        0xd 
 .text          0x0000000000409000      0x5f6 /root/hpc/x86_64-native-linuxapp-gcc/lib/librte_malloc.a(malloc_elem.o)
                0x0000000000409000                malloc_elem_init
                0x0000000000409040                malloc_elem_mkend
                0x0000000000409090                malloc_elem_can_hold
                0x00000000004090c0                malloc_elem_free_list_index
                0x0000000000409100                malloc_elem_free_list_insert
                0x0000000000409170                malloc_elem_alloc
                0x00000000004092d0                malloc_elem_free
                0x0000000000409480                malloc_elem_resize
 *fill*         0x00000000004095f6        0xa 
 .text          0x0000000000409600      0x3a4 /root/hpc/x86_64-native-linuxapp-gcc/lib/librte_malloc.a(malloc_heap.o)
                0x0000000000409600                malloc_heap_alloc
                0x0000000000409920                malloc_heap_get_stats
 *fill*         0x00000000004099a4        0xc 
 .text          0x00000000004099b0     0x119e /root/hpc/x86_64-native-linuxapp-gcc/lib/librte_mempool.a(rte_mempool.o)
                0x0000000000409a50                rte_mempool_obj_iter
                0x0000000000409ba0                rte_mempool_calc_obj_size
                0x0000000000409d30                rte_mempool_xmem_size
                0x0000000000409d70                rte_mempool_xmem_usage
                0x0000000000409e90                rte_mempool_xmem_create
                0x000000000040a530                rte_mempool_create
                0x000000000040a590                rte_mempool_count
                0x000000000040a5d0                rte_mempool_audit
                0x000000000040a630                rte_mempool_dump
                0x000000000040a9d0                rte_mempool_list_dump
                0x000000000040aa40                rte_mempool_lookup
                0x000000000040aae0                rte_mempool_walk
 *fill*         0x000000000040ab4e        0x2 
 .text          0x000000000040ab50      0x84a /root/hpc/x86_64-native-linuxapp-gcc/lib/librte_ring.a(rte_ring.o)
                0x000000000040ab50                rte_ring_get_memsize
                0x000000000040aba0                rte_ring_init
                0x000000000040acc0                rte_ring_create
                0x000000000040afc0                rte_ring_set_water_mark
                0x000000000040afe0                rte_ring_dump
                0x000000000040b130                rte_ring_list_dump
                0x000000000040b300                rte_ring_lookup
 *fill*         0x000000000040b39a        0x6 
 .text          0x000000000040b3a0     0x11b8 /root/hpc/x86_64-native-linuxapp-gcc/lib/librte_eal.a(eal.o)
                0x000000000040b410                rte_eal_get_configuration
                0x000000000040b420                eal_parse_sysfs_value
                0x000000000040b550                eal_proc_type_detect
                0x000000000040b620                rte_set_application_usage_hook
                0x000000000040b630                rte_eal_iopl_init
                0x000000000040b650                rte_eal_init
                0x000000000040c450                rte_eal_lcore_role
                0x000000000040c460                rte_eal_process_type
                0x000000000040c470                rte_eal_has_hugepages
                0x000000000040c480                rte_eal_check_module
 *fill*         0x000000000040c558        0x8 
 .text          0x000000000040c560      0xc85 /root/hpc/x86_64-native-linuxapp-gcc/lib/librte_eal.a(eal_hugepage_info.o)
                0x000000000040cb20                eal_hugepage_info_init
 *fill*         0x000000000040d1e5        0xb 
 .text          0x000000000040d1f0     0x2115 /root/hpc/x86_64-native-linuxapp-gcc/lib/librte_eal.a(eal_memory.o)
                0x000000000040d860                rte_mem_lock_page
                0x000000000040d880                rte_mem_virt2phy
                0x000000000040ed70                rte_eal_memory_init
 *fill*         0x000000000040f305        0xb 
 .text          0x000000000040f310      0x3c5 /root/hpc/x86_64-native-linuxapp-gcc/lib/librte_eal.a(eal_thread.o)
                0x000000000040f310                rte_eal_remote_launch
                0x000000000040f3e0                eal_thread_init_master
                0x000000000040f450                eal_thread_loop
                0x000000000040f6c0                rte_sys_gettid
 *fill*         0x000000000040f6d5        0xb 
 .text          0x000000000040f6e0      0x1fb /root/hpc/x86_64-native-linuxapp-gcc/lib/librte_eal.a(eal_log.o)
                0x000000000040f7f0                rte_eal_log_init
                0x000000000040f870                rte_eal_log_early_init
 *fill*         0x000000000040f8db        0x5 
 .text          0x000000000040f8e0      0x147 /root/hpc/x86_64-native-linuxapp-gcc/lib/librte_eal.a(eal_debug.o)
                0x000000000040f8e0                rte_dump_stack
                0x000000000040f950                rte_dump_registers
                0x000000000040f960                rte_exit
 *fill*         0x000000000040fa27        0x9 
 .text          0x000000000040fa30      0x304 /root/hpc/x86_64-native-linuxapp-gcc/lib/librte_eal.a(eal_lcore.o)
                0x000000000040fb60                eal_cpu_socket_id
                0x000000000040fc00                rte_eal_cpu_init
 *fill*         0x000000000040fd34        0xc 
 .text          0x000000000040fd40      0x3be /root/hpc/x86_64-native-linuxapp-gcc/lib/librte_eal.a(eal_timer.o)
                0x000000000040fe40                rte_delay_us
                0x000000000040ff00                rte_get_tsc_hz
                0x000000000040ff10                rte_eal_timer_init
 *fill*         0x00000000004100fe        0x2 
 .text          0x0000000000410100      0xaf4 /root/hpc/x86_64-native-linuxapp-gcc/lib/librte_eal.a(eal_common_memzone.o)
                0x0000000000410620                rte_memzone_reserve
                0x00000000004106d0                rte_memzone_reserve_aligned
                0x0000000000410790                rte_memzone_reserve_bounded
                0x0000000000410860                rte_memzone_lookup
                0x0000000000410900                rte_memzone_dump
                0x00000000004109c0                rte_eal_memzone_init
                0x0000000000410b80                rte_memzone_walk
 *fill*         0x0000000000410bf4        0xc 
 .text          0x0000000000410c00      0xddc /root/hpc/x86_64-native-linuxapp-gcc/lib/librte_eal.a(eal_common_log.o)
                0x0000000000410c00                rte_log_add_in_history
                0x00000000004111f0                rte_log_set_history
                0x0000000000411200                rte_openlog_stream
                0x0000000000411220                rte_set_log_level
                0x0000000000411230                rte_get_log_level
                0x0000000000411240                rte_set_log_type
                0x0000000000411270                rte_get_log_type
                0x0000000000411280                rte_log_cur_msg_loglevel
                0x00000000004112b0                rte_log_cur_msg_logtype
                0x00000000004112e0                rte_log_dump_history
                0x00000000004118a0                rte_vlog
                0x0000000000411900                rte_eal_common_log_init
 *fill*         0x00000000004119dc        0x4 
 .text          0x00000000004119e0      0x2bd /root/hpc/x86_64-native-linuxapp-gcc/lib/librte_eal.a(eal_common_launch.o)
                0x00000000004119e0                rte_eal_wait_lcore
                0x0000000000411a40                rte_eal_mp_remote_launch
                0x0000000000411bb0                rte_eal_get_lcore_state
                0x0000000000411bd0                rte_eal_mp_wait_lcore
 *fill*         0x0000000000411c9d        0x3 
 .text          0x0000000000411ca0      0x118 /root/hpc/x86_64-native-linuxapp-gcc/lib/librte_eal.a(eal_common_memory.o)
                0x0000000000411ca0                rte_eal_get_physmem_layout
                0x0000000000411cc0                rte_eal_get_physmem_size
                0x0000000000411d00                rte_dump_physmem_layout
                0x0000000000411d80                rte_memory_get_nchannel
                0x0000000000411da0                rte_memory_get_nrank
 *fill*         0x0000000000411db8        0x8 
 .text          0x0000000000411dc0      0x544 /root/hpc/x86_64-native-linuxapp-gcc/lib/librte_eal.a(eal_common_tailqs.o)
                0x0000000000411dc0                rte_eal_tailq_lookup
                0x0000000000411e40                rte_dump_tailq
                0x0000000000411ed0                rte_eal_tailq_register
                0x00000000004120f0                rte_eal_tailqs_init
 *fill*         0x0000000000412304        0xc 
 .text          0x0000000000412310       0x87 /root/hpc/x86_64-native-linuxapp-gcc/lib/librte_eal.a(eal_common_errno.o)
                0x0000000000412310                rte_strerror
 .text          0x0000000000412397        0x0 /root/hpc/x86_64-native-linuxapp-gcc/lib/librte_eal.a(eal_common_cpuflags.o)
 *fill*         0x0000000000412397        0x9 
 .text          0x00000000004123a0       0x93 /root/hpc/x86_64-native-linuxapp-gcc/lib/librte_eal.a(eal_common_string_fns.o)
                0x00000000004123a0                rte_strsplit
 *fill*         0x0000000000412433        0xd 
 .text          0x0000000000412440      0x378 /root/hpc/x86_64-native-linuxapp-gcc/lib/librte_eal.a(eal_common_hexdump.o)
                0x0000000000412440                rte_hexdump
                0x0000000000412660                rte_memdump
 *fill*         0x00000000004127b8        0x8 
 .text          0x00000000004127c0      0x557 /root/hpc/x86_64-native-linuxapp-gcc/lib/librte_eal.a(eal_common_devargs.o)
                0x00000000004127c0                rte_eal_parse_devargs_str
                0x0000000000412870                rte_eal_devargs_add
                0x0000000000412be0                rte_eal_devargs_type_count
                0x0000000000412c10                rte_eal_devargs_dump
 *fill*         0x0000000000412d17        0x9 
 .text          0x0000000000412d20      0x1f9 /root/hpc/x86_64-native-linuxapp-gcc/lib/librte_eal.a(eal_common_dev.o)
                0x0000000000412d20                rte_eal_driver_register
                0x0000000000412d40                rte_eal_driver_unregister
                0x0000000000412d70                rte_eal_vdev_init
                0x0000000000412e10                rte_eal_dev_init
 *fill*         0x0000000000412f19        0x7 
 .text          0x0000000000412f20     0x1386 /root/hpc/x86_64-native-linuxapp-gcc/lib/librte_eal.a(eal_common_options.o)
                0x00000000004132d0                eal_reset_internal_config
                0x0000000000413390                eal_parse_common_option
                0x00000000004140c0                eal_adjust_config
                0x00000000004141a0                eal_check_common_options
                0x0000000000414290                eal_common_usage
 *fill*         0x00000000004142a6        0xa 
 .text          0x00000000004142b0      0x354 /root/hpc/x86_64-native-linuxapp-gcc/lib/librte_eal.a(eal_common_thread.o)
                0x00000000004142b0                rte_socket_id
                0x00000000004142c0                eal_cpuset_socket_id
                0x0000000000414350                rte_thread_set_affinity
                0x0000000000414480                rte_thread_get_affinity
                0x00000000004144c0                eal_thread_dump_affinity
 *fill*         0x0000000000414604        0xc 
 .text          0x0000000000414610      0x621 /root/hpc/x86_64-native-linuxapp-gcc/lib/librte_cmdline.a(cmdline.o)
                0x0000000000414610                cmdline_write_char
                0x0000000000414750                cmdline_set_prompt
                0x0000000000414780                cmdline_new
                0x0000000000414840                cmdline_free
                0x00000000004148a0                cmdline_printf
                0x00000000004149c0                cmdline_in
                0x0000000000414b10                cmdline_quit
                0x0000000000414b30                cmdline_poll
                0x0000000000414bf0                cmdline_interact
 *fill*         0x0000000000414c31        0xf 
 .text          0x0000000000414c40      0x86c /root/hpc/x86_64-native-linuxapp-gcc/lib/librte_cmdline.a(cmdline_cirbuf.o)
                0x0000000000414c40                cirbuf_init
                0x0000000000414c70                cirbuf_add_buf_head
                0x0000000000414d40                cirbuf_add_buf_tail
                0x0000000000414e20                cirbuf_add_head_safe
                0x0000000000414e70                cirbuf_add_head
                0x0000000000414ec0                cirbuf_add_tail_safe
                0x0000000000414f10                cirbuf_add_tail
                0x0000000000414f50                cirbuf_align_left
                0x00000000004150a0                cirbuf_align_right
                0x00000000004151f0                cirbuf_del_buf_head
                0x0000000000415240                cirbuf_del_buf_tail
                0x0000000000415290                cirbuf_del_head_safe
                0x00000000004152d0                cirbuf_del_head
                0x00000000004152f0                cirbuf_del_tail_safe
                0x0000000000415330                cirbuf_del_tail
                0x0000000000415360                cirbuf_get_buf_head
                0x00000000004153f0                cirbuf_get_buf_tail
                0x0000000000415490                cirbuf_get_head
                0x00000000004154a0                cirbuf_get_tail
 *fill*         0x00000000004154ac        0x4 
 .text          0x00000000004154b0      0xc5d /root/hpc/x86_64-native-linuxapp-gcc/lib/librte_cmdline.a(cmdline_parse.o)
                0x00000000004155d0                cmdline_isendoftoken
                0x0000000000415600                cmdline_parse
                0x00000000004159c0                cmdline_complete
 *fill*         0x000000000041610d        0x3 
 .text          0x0000000000416110      0x290 /root/hpc/x86_64-native-linuxapp-gcc/lib/librte_cmdline.a(cmdline_parse_etheraddr.o)
                0x0000000000416110                cmdline_get_help_etheraddr
                0x0000000000416130                cmdline_parse_etheraddr
 .text          0x00000000004163a0      0x678 /root/hpc/x86_64-native-linuxapp-gcc/lib/librte_cmdline.a(cmdline_parse_ipaddr.o)
                0x00000000004163a0                cmdline_get_help_ipaddr
                0x0000000000416830                cmdline_parse_ipaddr
 *fill*         0x0000000000416a18        0x8 
 .text          0x0000000000416a20      0x5c5 /root/hpc/x86_64-native-linuxapp-gcc/lib/librte_cmdline.a(cmdline_parse_num.o)
                0x0000000000416a20                cmdline_get_help_num
                0x0000000000416a80                cmdline_parse_num
 *fill*         0x0000000000416fe5        0xb 
 .text          0x0000000000416ff0      0x3dc /root/hpc/x86_64-native-linuxapp-gcc/lib/librte_cmdline.a(cmdline_parse_string.o)
                0x0000000000416ff0                cmdline_parse_string
                0x0000000000417180                cmdline_complete_get_nb_string
                0x0000000000417200                cmdline_complete_get_elt_string
                0x0000000000417300                cmdline_get_help_string
 *fill*         0x00000000004173cc        0x4 
 .text          0x00000000004173d0     0x1652 /root/hpc/x86_64-native-linuxapp-gcc/lib/librte_cmdline.a(cmdline_rdline.o)
                0x0000000000417560                rdline_init
                0x00000000004175e0                rdline_newline
                0x00000000004176b0                rdline_stop
                0x00000000004176c0                rdline_quit
                0x00000000004176d0                rdline_restart
                0x00000000004176e0                rdline_reset
                0x0000000000417740                rdline_get_buffer
                0x00000000004177b0                rdline_redisplay
                0x0000000000417870                rdline_char_in
                0x0000000000418800                rdline_get_history_item
                0x00000000004188f0                rdline_add_history
                0x0000000000418a00                rdline_clear_history
 *fill*         0x0000000000418a22        0xe 
 .text          0x0000000000418a30      0x158 /root/hpc/x86_64-native-linuxapp-gcc/lib/librte_cmdline.a(cmdline_vt100.o)
                0x0000000000418a30                vt100_init
                0x0000000000418a40                vt100_parser
 *fill*         0x0000000000418b88        0x8 
 .text          0x0000000000418b90      0x1b2 /root/hpc/x86_64-native-linuxapp-gcc/lib/librte_cmdline.a(cmdline_socket.o)
                0x0000000000418b90                cmdline_file_new
                0x0000000000418be0                cmdline_stdin_new
                0x0000000000418d10                cmdline_stdin_exit
 *fill*         0x0000000000418d42        0xe 
 .text          0x0000000000418d50      0x277 /root/hpc/x86_64-native-linuxapp-gcc/lib/librte_cmdline.a(cmdline_parse_portlist.o)
                0x0000000000418d50                cmdline_get_help_portlist
                0x0000000000418d70                cmdline_parse_portlist
 *fill*         0x0000000000418fc7        0x9 
 .text          0x0000000000418fd0      0xc75 /root/hpc/x86_64-native-linuxapp-gcc/lib/librte_cfgfile.a(rte_cfgfile.o)
                0x00000000004192f0                rte_cfgfile_load
                0x0000000000419760                rte_cfgfile_close
                0x0000000000419800                rte_cfgfile_num_sections
                0x0000000000419860                rte_cfgfile_sections
                0x00000000004198d0                rte_cfgfile_has_section
                0x0000000000419940                rte_cfgfile_section_num_entries
                0x00000000004199b0                rte_cfgfile_section_entries
                0x0000000000419ae0                rte_cfgfile_get_entry
                0x0000000000419b90                rte_cfgfile_has_entry
 *fill*         0x0000000000419c45        0xb 
 .text          0x0000000000419c50       0x72 /usr/lib/x86_64-linux-gnu/libc_nonshared.a(elf-init.oS)
                0x0000000000419c50                __libc_csu_init
                0x0000000000419cc0                __libc_csu_fini
 .text          0x0000000000419cc2        0x0 /usr/lib/gcc/x86_64-linux-gnu/4.8/crtend.o
 .text          0x0000000000419cc2        0x0 /usr/lib/gcc/x86_64-linux-gnu/4.8/../../../x86_64-linux-gnu/crtn.o
 *(.gnu.warning)

.fini           0x0000000000419cc4        0x9
 *(SORT(.fini))
 .fini          0x0000000000419cc4        0x4 /usr/lib/gcc/x86_64-linux-gnu/4.8/../../../x86_64-linux-gnu/crti.o
                0x0000000000419cc4                _fini
 .fini          0x0000000000419cc8        0x5 /usr/lib/gcc/x86_64-linux-gnu/4.8/../../../x86_64-linux-gnu/crtn.o
                0x0000000000419ccd                PROVIDE (__etext, .)
                0x0000000000419ccd                PROVIDE (_etext, .)
                0x0000000000419ccd                PROVIDE (etext, .)

.rodata         0x0000000000419ce0     0x5700
 *(.rodata .rodata.* .gnu.linkonce.r.*)
 .rodata.cst4   0x0000000000419ce0        0x4 /usr/lib/gcc/x86_64-linux-gnu/4.8/../../../x86_64-linux-gnu/crt1.o
                0x0000000000419ce0                _IO_stdin_used
 .rodata.str1.1
                0x0000000000419ce4       0x25 main.o
 *fill*         0x0000000000419d09        0x7 
 .rodata.str1.8
                0x0000000000419d10       0x24 main.o
 .rodata        0x0000000000419d34        0x5 main.o
 *fill*         0x0000000000419d39        0x7 
 .rodata.str1.8
                0x0000000000419d40      0x1d0 commands.o
 .rodata.str1.1
                0x0000000000419f10       0xbd commands.o
                                         0xc5 (size before relaxing)
 .rodata.str1.1
                0x0000000000419fcd        0x9 parse_obj_list.o
                                          0xc (size before relaxing)
 .rodata.str1.1
                0x0000000000419fd6      0x22a /root/hpc/x86_64-native-linuxapp-gcc/lib/librte_mbuf.a(rte_mbuf.o)
                                        0x230 (size before relaxing)
 .rodata.str1.8
                0x000000000041a200       0x93 /root/hpc/x86_64-native-linuxapp-gcc/lib/librte_mbuf.a(rte_mbuf.o)
 *fill*         0x000000000041a293        0xd 
 .rodata        0x000000000041a2a0       0x16 /root/hpc/x86_64-native-linuxapp-gcc/lib/librte_mbuf.a(rte_mbuf.o)
 .rodata.str1.1
                0x000000000041a2b6       0x7c /root/hpc/x86_64-native-linuxapp-gcc/lib/librte_malloc.a(rte_malloc.o)
                                         0x82 (size before relaxing)
 *fill*         0x000000000041a332        0x6 
 .rodata.str1.8
                0x000000000041a338       0x55 /root/hpc/x86_64-native-linuxapp-gcc/lib/librte_malloc.a(rte_malloc.o)
 *fill*         0x000000000041a38d        0x3 
 .rodata        0x000000000041a390       0x95 /root/hpc/x86_64-native-linuxapp-gcc/lib/librte_malloc.a(rte_malloc.o)
 .rodata.str1.1
                0x000000000041a425       0x17 /root/hpc/x86_64-native-linuxapp-gcc/lib/librte_malloc.a(malloc_heap.o)
 .rodata.str1.1
                0x000000000041a43c      0x1ce /root/hpc/x86_64-native-linuxapp-gcc/lib/librte_mempool.a(rte_mempool.o)
                                        0x1d7 (size before relaxing)
 *fill*         0x000000000041a60a        0x6 
 .rodata.str1.8
                0x000000000041a610      0x138 /root/hpc/x86_64-native-linuxapp-gcc/lib/librte_mempool.a(rte_mempool.o)
 *fill*         0x000000000041a748        0x8 
 .rodata        0x000000000041a750       0x5e /root/hpc/x86_64-native-linuxapp-gcc/lib/librte_mempool.a(rte_mempool.o)
 *fill*         0x000000000041a7ae        0x2 
 .rodata.cst8   0x000000000041a7b0        0x8 /root/hpc/x86_64-native-linuxapp-gcc/lib/librte_mempool.a(rte_mempool.o)
 .rodata.cst4   0x000000000041a7b8        0x4 /root/hpc/x86_64-native-linuxapp-gcc/lib/librte_mempool.a(rte_mempool.o)
 .rodata.str1.1
                0x000000000041a7bc       0x9f /root/hpc/x86_64-native-linuxapp-gcc/lib/librte_ring.a(rte_ring.o)
                                         0xda (size before relaxing)
 *fill*         0x000000000041a85b        0x5 
 .rodata.str1.8
                0x000000000041a860       0x87 /root/hpc/x86_64-native-linuxapp-gcc/lib/librte_ring.a(rte_ring.o)
                                         0xaf (size before relaxing)
 *fill*         0x000000000041a8e7        0x9 
 .rodata        0x000000000041a8f0       0x1b /root/hpc/x86_64-native-linuxapp-gcc/lib/librte_ring.a(rte_ring.o)
 .rodata.str1.1
                0x000000000041a90b      0x15e /root/hpc/x86_64-native-linuxapp-gcc/lib/librte_eal.a(eal.o)
                                        0x167 (size before relaxing)
 *fill*         0x000000000041aa69        0x7 
 .rodata.str1.8
                0x000000000041aa70      0x4df /root/hpc/x86_64-native-linuxapp-gcc/lib/librte_eal.a(eal.o)
 *fill*         0x000000000041af4f        0x1 
 .rodata        0x000000000041af50       0x96 /root/hpc/x86_64-native-linuxapp-gcc/lib/librte_eal.a(eal.o)
 .rodata.str1.1
                0x000000000041afe6       0x5f /root/hpc/x86_64-native-linuxapp-gcc/lib/librte_eal.a(eal_hugepage_info.o)
                                         0x67 (size before relaxing)
 *fill*         0x000000000041b045        0x3 
 .rodata.str1.8
                0x000000000041b048      0x1ac /root/hpc/x86_64-native-linuxapp-gcc/lib/librte_eal.a(eal_hugepage_info.o)
 *fill*         0x000000000041b1f4        0xc 
 .rodata        0x000000000041b200       0x79 /root/hpc/x86_64-native-linuxapp-gcc/lib/librte_eal.a(eal_hugepage_info.o)
 *fill*         0x000000000041b279        0x7 
 .rodata.str1.8
                0x000000000041b280      0x687 /root/hpc/x86_64-native-linuxapp-gcc/lib/librte_eal.a(eal_memory.o)
 .rodata.str1.1
                0x000000000041b907      0x147 /root/hpc/x86_64-native-linuxapp-gcc/lib/librte_eal.a(eal_memory.o)
                                        0x15d (size before relaxing)
 *fill*         0x000000000041ba4e        0x2 
 .rodata        0x000000000041ba50       0xa1 /root/hpc/x86_64-native-linuxapp-gcc/lib/librte_eal.a(eal_memory.o)
 .rodata.str1.1
                0x000000000041baf1       0x52 /root/hpc/x86_64-native-linuxapp-gcc/lib/librte_eal.a(eal_thread.o)
                                         0x5d (size before relaxing)
 *fill*         0x000000000041bb43        0x5 
 .rodata.str1.8
                0x000000000041bb48       0x7f /root/hpc/x86_64-native-linuxapp-gcc/lib/librte_eal.a(eal_thread.o)
 *fill*         0x000000000041bbc7        0x9 
 .rodata        0x000000000041bbd0       0x46 /root/hpc/x86_64-native-linuxapp-gcc/lib/librte_eal.a(eal_thread.o)
 .rodata.str1.1
                0x000000000041bc16        0x3 /root/hpc/x86_64-native-linuxapp-gcc/lib/librte_eal.a(eal_log.o)
                                          0x6 (size before relaxing)
 *fill*         0x000000000041bc19        0x7 
 .rodata.str1.8
                0x000000000041bc20       0x22 /root/hpc/x86_64-native-linuxapp-gcc/lib/librte_eal.a(eal_log.o)
 *fill*         0x000000000041bc42       0x1e 
 .rodata        0x000000000041bc60       0x40 /root/hpc/x86_64-native-linuxapp-gcc/lib/librte_eal.a(eal_log.o)
 .rodata.str1.1
                0x000000000041bca0       0x1a /root/hpc/x86_64-native-linuxapp-gcc/lib/librte_eal.a(eal_debug.o)
 *fill*         0x000000000041bcba        0x6 
 .rodata.str1.8
                0x000000000041bcc0       0x2d /root/hpc/x86_64-native-linuxapp-gcc/lib/librte_eal.a(eal_debug.o)
 *fill*         0x000000000041bced        0x3 
 .rodata.str1.8
                0x000000000041bcf0      0x153 /root/hpc/x86_64-native-linuxapp-gcc/lib/librte_eal.a(eal_lcore.o)
 .rodata.str1.1
                0x000000000041be43       0x73 /root/hpc/x86_64-native-linuxapp-gcc/lib/librte_eal.a(eal_lcore.o)
                                         0x79 (size before relaxing)
 *fill*         0x000000000041beb6        0xa 
 .rodata        0x000000000041bec0       0x11 /root/hpc/x86_64-native-linuxapp-gcc/lib/librte_eal.a(eal_lcore.o)
 .rodata.str1.1
                0x000000000041bed1       0x34 /root/hpc/x86_64-native-linuxapp-gcc/lib/librte_eal.a(eal_timer.o)
                                         0x3c (size before relaxing)
 *fill*         0x000000000041bf05        0x3 
 .rodata.str1.8
                0x000000000041bf08      0x154 /root/hpc/x86_64-native-linuxapp-gcc/lib/librte_eal.a(eal_timer.o)
 *fill*         0x000000000041c05c        0x4 
 .rodata        0x000000000041c060       0x31 /root/hpc/x86_64-native-linuxapp-gcc/lib/librte_eal.a(eal_timer.o)
 *fill*         0x000000000041c091        0x7 
 .rodata.cst8   0x000000000041c098       0x18 /root/hpc/x86_64-native-linuxapp-gcc/lib/librte_eal.a(eal_timer.o)
 .rodata.str1.8
                0x000000000041c0b0      0x110 /root/hpc/x86_64-native-linuxapp-gcc/lib/librte_eal.a(eal_common_memzone.o)
 .rodata.str1.1
                0x0000000000000000        0x3 /root/hpc/x86_64-native-linuxapp-gcc/lib/librte_eal.a(eal_common_memzone.o)
 .rodata        0x000000000041c1c0       0x46 /root/hpc/x86_64-native-linuxapp-gcc/lib/librte_eal.a(eal_common_memzone.o)
 .rodata.str1.1
                0x000000000041c206        0xc /root/hpc/x86_64-native-linuxapp-gcc/lib/librte_eal.a(eal_common_log.o)
 *fill*         0x000000000041c212        0x6 
 .rodata.str1.8
                0x000000000041c218       0x2e /root/hpc/x86_64-native-linuxapp-gcc/lib/librte_eal.a(eal_common_log.o)
 *fill*         0x000000000041c246        0xa 
 .rodata        0x000000000041c250       0x18 /root/hpc/x86_64-native-linuxapp-gcc/lib/librte_eal.a(eal_common_log.o)
 .rodata.str1.8
                0x000000000041c268       0x60 /root/hpc/x86_64-native-linuxapp-gcc/lib/librte_eal.a(eal_common_memory.o)
 .rodata.str1.8
                0x000000000041c2c8       0x58 /root/hpc/x86_64-native-linuxapp-gcc/lib/librte_eal.a(eal_common_tailqs.o)
 .rodata.str1.1
                0x000000000041c320       0x1d /root/hpc/x86_64-native-linuxapp-gcc/lib/librte_eal.a(eal_common_tailqs.o)
                                         0x20 (size before relaxing)
 *fill*         0x000000000041c33d        0x3 
 .rodata.str1.8
                0x000000000041c340       0x22 /root/hpc/x86_64-native-linuxapp-gcc/lib/librte_eal.a(eal_common_errno.o)
 .rodata.str1.1
                0x000000000041c362       0x2e /root/hpc/x86_64-native-linuxapp-gcc/lib/librte_eal.a(eal_common_errno.o)
 .rodata.str1.8
                0x000000000041c390       0x95 /root/hpc/x86_64-native-linuxapp-gcc/lib/librte_eal.a(eal_common_cpuflags.o)
 *fill*         0x000000000041c425       0x1b 
 .rodata        0x000000000041c440     0x1a80 /root/hpc/x86_64-native-linuxapp-gcc/lib/librte_eal.a(eal_common_cpuflags.o)
 .rodata.str1.1
                0x000000000041dec0       0x3f /root/hpc/x86_64-native-linuxapp-gcc/lib/librte_eal.a(eal_common_hexdump.o)
                                         0x46 (size before relaxing)
 *fill*         0x000000000041deff        0x1 
 .rodata.str1.8
                0x000000000041df00       0xd6 /root/hpc/x86_64-native-linuxapp-gcc/lib/librte_eal.a(eal_common_devargs.o)
 .rodata.str1.1
                0x000000000041dfd6       0x56 /root/hpc/x86_64-native-linuxapp-gcc/lib/librte_eal.a(eal_common_devargs.o)
                                         0x59 (size before relaxing)
 .rodata.str1.1
                0x000000000041e02c       0x1d /root/hpc/x86_64-native-linuxapp-gcc/lib/librte_eal.a(eal_common_dev.o)
 *fill*         0x000000000041e049        0x7 
 .rodata.str1.8
                0x000000000041e050       0x25 /root/hpc/x86_64-native-linuxapp-gcc/lib/librte_eal.a(eal_common_dev.o)
 .rodata.str1.1
                0x000000000041e075      0x1cc /root/hpc/x86_64-native-linuxapp-gcc/lib/librte_eal.a(eal_common_options.o)
                                        0x1d1 (size before relaxing)
 *fill*         0x000000000041e241        0x7 
 .rodata.str1.8
                0x000000000041e248      0x8ce /root/hpc/x86_64-native-linuxapp-gcc/lib/librte_eal.a(eal_common_options.o)
 *fill*         0x000000000041eb16        0xa 
 .rodata        0x000000000041eb20      0x32d /root/hpc/x86_64-native-linuxapp-gcc/lib/librte_eal.a(eal_common_options.o)
                0x000000000041ec60                eal_long_options
                0x000000000041ee40                eal_short_options
 *fill*         0x000000000041ee4d        0x3 
 .rodata.str1.8
                0x000000000041ee50       0x5c /root/hpc/x86_64-native-linuxapp-gcc/lib/librte_eal.a(eal_common_thread.o)
 .rodata.str1.1
                0x000000000041eeac        0xc /root/hpc/x86_64-native-linuxapp-gcc/lib/librte_eal.a(eal_common_thread.o)
 *fill*         0x000000000041eeb8        0x8 
 .rodata        0x000000000041eec0       0x18 /root/hpc/x86_64-native-linuxapp-gcc/lib/librte_eal.a(eal_common_thread.o)
 .rodata.str1.1
                0x000000000041eed8       0x35 /root/hpc/x86_64-native-linuxapp-gcc/lib/librte_cmdline.a(cmdline.o)
                                         0x38 (size before relaxing)
 *fill*         0x000000000041ef0d        0x3 
 .rodata.str1.8
                0x000000000041ef10       0x6f /root/hpc/x86_64-native-linuxapp-gcc/lib/librte_cmdline.a(cmdline_parse.o)
 .rodata.str1.1
                0x000000000041ef7f       0x20 /root/hpc/x86_64-native-linuxapp-gcc/lib/librte_cmdline.a(cmdline_parse.o)
                                         0x23 (size before relaxing)
 .rodata.str1.1
                0x000000000041ef9f       0x11 /root/hpc/x86_64-native-linuxapp-gcc/lib/librte_cmdline.a(cmdline_parse_etheraddr.o)
                                         0x14 (size before relaxing)
 .rodata.str1.1
                0x000000000041efb0       0x41 /root/hpc/x86_64-native-linuxapp-gcc/lib/librte_cmdline.a(cmdline_parse_ipaddr.o)
                                         0x56 (size before relaxing)
 *fill*         0x000000000041eff1        0xf 
 .rodata        0x000000000041f000       0x7c /root/hpc/x86_64-native-linuxapp-gcc/lib/librte_cmdline.a(cmdline_parse_ipaddr.o)
 .rodata.str1.1
                0x000000000041f07c       0x1b /root/hpc/x86_64-native-linuxapp-gcc/lib/librte_cmdline.a(cmdline_parse_num.o)
                                         0x35 (size before relaxing)
 *fill*         0x000000000041f097        0x9 
 .rodata        0x000000000041f0a0       0xe0 /root/hpc/x86_64-native-linuxapp-gcc/lib/librte_cmdline.a(cmdline_parse_num.o)
 .rodata.str1.1
                0x000000000041f180       0x2a /root/hpc/x86_64-native-linuxapp-gcc/lib/librte_cmdline.a(cmdline_parse_string.o)
                                         0x2d (size before relaxing)
 .rodata.str1.1
                0x000000000041f1aa       0x21 /root/hpc/x86_64-native-linuxapp-gcc/lib/librte_cmdline.a(cmdline_rdline.o)
 *fill*         0x000000000041f1cb        0x5 
 .rodata        0x000000000041f1d0       0xd0 /root/hpc/x86_64-native-linuxapp-gcc/lib/librte_cmdline.a(cmdline_rdline.o)
 .rodata.str1.1
                0x000000000041f2a0       0x37 /root/hpc/x86_64-native-linuxapp-gcc/lib/librte_cmdline.a(cmdline_vt100.o)
                                         0x43 (size before relaxing)
 *fill*         0x000000000041f2d7        0x1 
 .rodata.str1.8
                0x000000000041f2d8       0x20 /root/hpc/x86_64-native-linuxapp-gcc/lib/librte_cmdline.a(cmdline_parse_portlist.o)
 .rodata.str1.1
                0x0000000000000000        0x3 /root/hpc/x86_64-native-linuxapp-gcc/lib/librte_cmdline.a(cmdline_parse_portlist.o)
 .rodata.str1.1
                0x000000000041f2f8       0x17 /root/hpc/x86_64-native-linuxapp-gcc/lib/librte_cfgfile.a(rte_cfgfile.o)
                                         0x1c (size before relaxing)
 *fill*         0x000000000041f30f        0x1 
 .rodata.str1.8
                0x000000000041f310       0xd0 /root/hpc/x86_64-native-linuxapp-gcc/lib/librte_cfgfile.a(rte_cfgfile.o)

.rodata1
 *(.rodata1)

.eh_frame_hdr   0x000000000041f3e0      0x80c
 *(.eh_frame_hdr)
 .eh_frame_hdr  0x000000000041f3e0      0x80c /usr/lib/gcc/x86_64-linux-gnu/4.8/../../../x86_64-linux-gnu/crt1.o

.eh_frame       0x000000000041fbf0     0x30a4
 *(.eh_frame)
 .eh_frame      0x000000000041fbf0       0x30 /usr/lib/gcc/x86_64-linux-gnu/4.8/../../../x86_64-linux-gnu/crt1.o
 .eh_frame      0x000000000041fc20       0x40 /usr/lib/gcc/x86_64-linux-gnu/4.8/../../../x86_64-linux-gnu/crt1.o
 .eh_frame      0x000000000041fc60       0x20 main.o
                                         0x38 (size before relaxing)
 .eh_frame      0x000000000041fc80       0x90 commands.o
                                         0xa8 (size before relaxing)
 .eh_frame      0x000000000041fd10       0xe0 parse_obj_list.o
                                         0xf0 (size before relaxing)
 .eh_frame      0x000000000041fdf0      0x140 /root/hpc/x86_64-native-linuxapp-gcc/lib/librte_mbuf.a(rte_mbuf.o)
 .eh_frame      0x000000000041ff30      0x330 /root/hpc/x86_64-native-linuxapp-gcc/lib/librte_malloc.a(rte_malloc.o)
                                        0x318 (size before relaxing)
 .eh_frame      0x0000000000420260       0xe0 /root/hpc/x86_64-native-linuxapp-gcc/lib/librte_malloc.a(malloc_elem.o)
                                         0xd8 (size before relaxing)
 .eh_frame      0x0000000000420340       0x88 /root/hpc/x86_64-native-linuxapp-gcc/lib/librte_malloc.a(malloc_heap.o)
                                         0x98 (size before relaxing)
 .eh_frame      0x00000000004203c8      0x330 /root/hpc/x86_64-native-linuxapp-gcc/lib/librte_mempool.a(rte_mempool.o)
                                        0x320 (size before relaxing)
 .eh_frame      0x00000000004206f8      0x188 /root/hpc/x86_64-native-linuxapp-gcc/lib/librte_ring.a(rte_ring.o)
 .eh_frame      0x0000000000420880      0x1c8 /root/hpc/x86_64-native-linuxapp-gcc/lib/librte_eal.a(eal.o)
                                        0x1b8 (size before relaxing)
 .eh_frame      0x0000000000420a48       0xc0 /root/hpc/x86_64-native-linuxapp-gcc/lib/librte_eal.a(eal_hugepage_info.o)
                                         0xd8 (size before relaxing)
 .eh_frame      0x0000000000420b08      0x238 /root/hpc/x86_64-native-linuxapp-gcc/lib/librte_eal.a(eal_memory.o)
                                        0x240 (size before relaxing)
 .eh_frame      0x0000000000420d40       0x98 /root/hpc/x86_64-native-linuxapp-gcc/lib/librte_eal.a(eal_thread.o)
                                         0xa8 (size before relaxing)
 .eh_frame      0x0000000000420dd8       0xd8 /root/hpc/x86_64-native-linuxapp-gcc/lib/librte_eal.a(eal_log.o)
                                         0xe0 (size before relaxing)
 .eh_frame      0x0000000000420eb0       0x90 /root/hpc/x86_64-native-linuxapp-gcc/lib/librte_eal.a(eal_debug.o)
                                         0xa0 (size before relaxing)
 .eh_frame      0x0000000000420f40       0xb8 /root/hpc/x86_64-native-linuxapp-gcc/lib/librte_eal.a(eal_lcore.o)
                                         0xc8 (size before relaxing)
 .eh_frame      0x0000000000420ff8       0x98 /root/hpc/x86_64-native-linuxapp-gcc/lib/librte_eal.a(eal_timer.o)
                                         0xa0 (size before relaxing)
 .eh_frame      0x0000000000421090      0x270 /root/hpc/x86_64-native-linuxapp-gcc/lib/librte_eal.a(eal_common_memzone.o)
                                        0x278 (size before relaxing)
 .eh_frame      0x0000000000421300      0x208 /root/hpc/x86_64-native-linuxapp-gcc/lib/librte_eal.a(eal_common_log.o)
                                        0x1f0 (size before relaxing)
 .eh_frame      0x0000000000421508       0xb0 /root/hpc/x86_64-native-linuxapp-gcc/lib/librte_eal.a(eal_common_launch.o)
                                         0xc0 (size before relaxing)
 .eh_frame      0x00000000004215b8       0xb0 /root/hpc/x86_64-native-linuxapp-gcc/lib/librte_eal.a(eal_common_memory.o)
                                         0xc8 (size before relaxing)
 .eh_frame      0x0000000000421668      0x138 /root/hpc/x86_64-native-linuxapp-gcc/lib/librte_eal.a(eal_common_tailqs.o)
                                        0x140 (size before relaxing)
 .eh_frame      0x00000000004217a0       0x28 /root/hpc/x86_64-native-linuxapp-gcc/lib/librte_eal.a(eal_common_errno.o)
                                         0x40 (size before relaxing)
 .eh_frame      0x00000000004217c8       0x28 /root/hpc/x86_64-native-linuxapp-gcc/lib/librte_eal.a(eal_common_cpuflags.o)
                                         0x40 (size before relaxing)
 .eh_frame      0x00000000004217f0       0x20 /root/hpc/x86_64-native-linuxapp-gcc/lib/librte_eal.a(eal_common_string_fns.o)
                                         0x38 (size before relaxing)
 .eh_frame      0x0000000000421810       0xa0 /root/hpc/x86_64-native-linuxapp-gcc/lib/librte_eal.a(eal_common_hexdump.o)
                                         0xb8 (size before relaxing)
 .eh_frame      0x00000000004218b0       0xd0 /root/hpc/x86_64-native-linuxapp-gcc/lib/librte_eal.a(eal_common_devargs.o)
                                         0xd8 (size before relaxing)
 .eh_frame      0x0000000000421980       0xc0 /root/hpc/x86_64-native-linuxapp-gcc/lib/librte_eal.a(eal_common_dev.o)
                                         0xd0 (size before relaxing)
 .eh_frame      0x0000000000421a40      0x140 /root/hpc/x86_64-native-linuxapp-gcc/lib/librte_eal.a(eal_common_options.o)
                                        0x150 (size before relaxing)
 .eh_frame      0x0000000000421b80      0x108 /root/hpc/x86_64-native-linuxapp-gcc/lib/librte_eal.a(eal_common_thread.o)
                                        0x110 (size before relaxing)
 .eh_frame      0x0000000000421c88      0x230 /root/hpc/x86_64-native-linuxapp-gcc/lib/librte_cmdline.a(cmdline.o)
                                        0x228 (size before relaxing)
 .eh_frame      0x0000000000421eb8      0x268 /root/hpc/x86_64-native-linuxapp-gcc/lib/librte_cmdline.a(cmdline_cirbuf.o)
                                        0x238 (size before relaxing)
 .eh_frame      0x0000000000422120      0x108 /root/hpc/x86_64-native-linuxapp-gcc/lib/librte_cmdline.a(cmdline_parse.o)
                                        0x118 (size before relaxing)
 .eh_frame      0x0000000000422228       0x68 /root/hpc/x86_64-native-linuxapp-gcc/lib/librte_cmdline.a(cmdline_parse_etheraddr.o)
                                         0x80 (size before relaxing)
 .eh_frame      0x0000000000422290      0x130 /root/hpc/x86_64-native-linuxapp-gcc/lib/librte_cmdline.a(cmdline_parse_ipaddr.o)
                                        0x140 (size before relaxing)
 .eh_frame      0x00000000004223c0       0x98 /root/hpc/x86_64-native-linuxapp-gcc/lib/librte_cmdline.a(cmdline_parse_num.o)
                                         0xb0 (size before relaxing)
 .eh_frame      0x0000000000422458       0xd0 /root/hpc/x86_64-native-linuxapp-gcc/lib/librte_cmdline.a(cmdline_parse_string.o)
                                         0xe0 (size before relaxing)
 .eh_frame      0x0000000000422528      0x298 /root/hpc/x86_64-native-linuxapp-gcc/lib/librte_cmdline.a(cmdline_rdline.o)
                                        0x290 (size before relaxing)
 .eh_frame      0x00000000004227c0       0x98 /root/hpc/x86_64-native-linuxapp-gcc/lib/librte_cmdline.a(cmdline_vt100.o)
                                         0xb0 (size before relaxing)
 .eh_frame      0x0000000000422858       0x88 /root/hpc/x86_64-native-linuxapp-gcc/lib/librte_cmdline.a(cmdline_socket.o)
                                         0xa0 (size before relaxing)
 .eh_frame      0x00000000004228e0       0x68 /root/hpc/x86_64-native-linuxapp-gcc/lib/librte_cmdline.a(cmdline_parse_portlist.o)
                                         0x80 (size before relaxing)
 .eh_frame      0x0000000000422948      0x2e8 /root/hpc/x86_64-native-linuxapp-gcc/lib/librte_cfgfile.a(rte_cfgfile.o)
                                        0x2f0 (size before relaxing)
 .eh_frame      0x0000000000422c30       0x60 /usr/lib/x86_64-linux-gnu/libc_nonshared.a(elf-init.oS)
                                         0x78 (size before relaxing)
 .eh_frame      0x0000000000422c90        0x4 /usr/lib/gcc/x86_64-linux-gnu/4.8/crtend.o

.gcc_except_table
 *(.gcc_except_table .gcc_except_table.*)

.exception_ranges
 *(.exception_ranges .exception_ranges*)
                0x0000000000422c94                . = (ALIGN (0x200000) - ((0x200000 - .) & 0x1fffff))
                0x0000000000622d14                . = DATA_SEGMENT_ALIGN (0x200000, 0x1000)

.eh_frame
 *(.eh_frame)

.gcc_except_table
 *(.gcc_except_table .gcc_except_table.*)

.exception_ranges
 *(.exception_ranges .exception_ranges*)

.tdata          0x0000000000622d20       0x14
 *(.tdata .tdata.* .gnu.linkonce.td.*)
 .tdata         0x0000000000622d20       0x14 /root/hpc/x86_64-native-linuxapp-gcc/lib/librte_eal.a(eal_thread.o)
                0x0000000000622d24                per_lcore__socket_id
                0x0000000000622d30                per_lcore__lcore_id

.tbss           0x0000000000622d38      0x184
 *(.tbss .tbss.* .gnu.linkonce.tb.*)
 .tbss          0x0000000000622d38       0x80 /root/hpc/x86_64-native-linuxapp-gcc/lib/librte_eal.a(eal_thread.o)
                0x0000000000622d38                per_lcore__cpuset
 .tbss          0x0000000000622db8      0x104 /root/hpc/x86_64-native-linuxapp-gcc/lib/librte_eal.a(eal_common_errno.o)
                0x0000000000622eb8                per_lcore__rte_errno
 *(.tcommon)

.preinit_array  0x0000000000622d38        0x0
                0x0000000000622d38                PROVIDE (__preinit_array_start, .)
 *(.preinit_array)
                0x0000000000622d38                PROVIDE (__preinit_array_end, .)

.init_array     0x0000000000622d38       0x80
                0x0000000000622d38                PROVIDE (__init_array_start, .)
 *(SORT(.init_array.*) SORT(.ctors.*))
 *(.init_array EXCLUDE_FILE(*crtend?.o *crtend.o *crtbegin?.o *crtbegin.o) .ctors)
 .init_array    0x0000000000622d38        0x8 /usr/lib/gcc/x86_64-linux-gnu/4.8/crtbegin.o
 .init_array    0x0000000000622d40        0x8 /root/hpc/x86_64-native-linuxapp-gcc/lib/librte_malloc.a(rte_malloc.o)
 .init_array    0x0000000000622d48        0x8 /root/hpc/x86_64-native-linuxapp-gcc/lib/librte_malloc.a(malloc_elem.o)
 .init_array    0x0000000000622d50        0x8 /root/hpc/x86_64-native-linuxapp-gcc/lib/librte_malloc.a(malloc_heap.o)
 .init_array    0x0000000000622d58       0x10 /root/hpc/x86_64-native-linuxapp-gcc/lib/librte_mempool.a(rte_mempool.o)
 .init_array    0x0000000000622d68       0x10 /root/hpc/x86_64-native-linuxapp-gcc/lib/librte_ring.a(rte_ring.o)
 .init_array    0x0000000000622d78        0x8 /root/hpc/x86_64-native-linuxapp-gcc/lib/librte_eal.a(eal.o)
 .init_array    0x0000000000622d80        0x8 /root/hpc/x86_64-native-linuxapp-gcc/lib/librte_eal.a(eal_memory.o)
 .init_array    0x0000000000622d88        0x8 /root/hpc/x86_64-native-linuxapp-gcc/lib/librte_eal.a(eal_log.o)
 .init_array    0x0000000000622d90        0x8 /root/hpc/x86_64-native-linuxapp-gcc/lib/librte_eal.a(eal_common_memzone.o)
 .init_array    0x0000000000622d98        0x8 /root/hpc/x86_64-native-linuxapp-gcc/lib/librte_eal.a(eal_common_log.o)
 .init_array    0x0000000000622da0        0x8 /root/hpc/x86_64-native-linuxapp-gcc/lib/librte_eal.a(eal_common_memory.o)
 .init_array    0x0000000000622da8        0x8 /root/hpc/x86_64-native-linuxapp-gcc/lib/librte_eal.a(eal_common_tailqs.o)
 .init_array    0x0000000000622db0        0x8 /root/hpc/x86_64-native-linuxapp-gcc/lib/librte_eal.a(eal_common_cpuflags.o)
                0x0000000000622db8                PROVIDE (__init_array_end, .)

.fini_array     0x0000000000622db8        0x8
                0x0000000000622db8                PROVIDE (__fini_array_start, .)
 *(SORT(.fini_array.*) SORT(.dtors.*))
 *(.fini_array EXCLUDE_FILE(*crtend?.o *crtend.o *crtbegin?.o *crtbegin.o) .dtors)
 .fini_array    0x0000000000622db8        0x8 /usr/lib/gcc/x86_64-linux-gnu/4.8/crtbegin.o
                0x0000000000622dc0                PROVIDE (__fini_array_end, .)

.ctors
 *crtbegin.o(.ctors)
 *crtbegin?.o(.ctors)
 *(EXCLUDE_FILE(*crtend?.o *crtend.o) .ctors)
 *(SORT(.ctors.*))
 *(.ctors)

.dtors
 *crtbegin.o(.dtors)
 *crtbegin?.o(.dtors)
 *(EXCLUDE_FILE(*crtend?.o *crtend.o) .dtors)
 *(SORT(.dtors.*))
 *(.dtors)

.jcr            0x0000000000622dc0        0x8
 *(.jcr)
 .jcr           0x0000000000622dc0        0x0 /usr/lib/gcc/x86_64-linux-gnu/4.8/crtbegin.o
 .jcr           0x0000000000622dc0        0x8 /usr/lib/gcc/x86_64-linux-gnu/4.8/crtend.o

.data.rel.ro
 *(.data.rel.ro.local* .gnu.linkonce.d.rel.ro.local.*)
 *(.data.rel.ro .data.rel.ro.* .gnu.linkonce.d.rel.ro.*)

.dynamic        0x0000000000622dc8      0x210
 *(.dynamic)
 .dynamic       0x0000000000622dc8      0x210 /usr/lib/gcc/x86_64-linux-gnu/4.8/../../../x86_64-linux-gnu/crt1.o
                0x0000000000622dc8                _DYNAMIC

.got            0x0000000000622fd8       0x28
 *(.got)
 .got           0x0000000000622fd8       0x28 /usr/lib/gcc/x86_64-linux-gnu/4.8/../../../x86_64-linux-gnu/crt1.o
 *(.igot)
                0x0000000000623fe8                . = DATA_SEGMENT_RELRO_END (., (SIZEOF (.got.plt) >= 0x18)?0x18:0x0)

.got.plt        0x0000000000623000      0x348
 *(.got.plt)
 .got.plt       0x0000000000623000      0x348 /usr/lib/gcc/x86_64-linux-gnu/4.8/../../../x86_64-linux-gnu/crt1.o
                0x0000000000623000                _GLOBAL_OFFSET_TABLE_
 *(.igot.plt)
 .igot.plt      0x0000000000000000        0x0 /usr/lib/gcc/x86_64-linux-gnu/4.8/../../../x86_64-linux-gnu/crt1.o

.data           0x0000000000623360      0x6a0
 *(.data .data.* .gnu.linkonce.d.*)
 .data          0x0000000000623360        0x4 /usr/lib/gcc/x86_64-linux-gnu/4.8/../../../x86_64-linux-gnu/crt1.o
                0x0000000000623360                data_start
                0x0000000000623360                __data_start
 .data          0x0000000000623364        0x0 /usr/lib/gcc/x86_64-linux-gnu/4.8/../../../x86_64-linux-gnu/crti.o
 *fill*         0x0000000000623364        0x4 
 .data          0x0000000000623368        0x8 /usr/lib/gcc/x86_64-linux-gnu/4.8/crtbegin.o
                0x0000000000623368                __dso_handle
 .data          0x0000000000623370        0x0 main.o
 *fill*         0x0000000000623370       0x10 
 .data          0x0000000000623380      0x178 commands.o
                0x0000000000623380                main_ctx
                0x00000000006233a0                cmd_help
                0x00000000006233d0                cmd_help_help
                0x00000000006233f0                cmd_obj_add
                0x0000000000623430                cmd_obj_ip
                0x0000000000623450                cmd_obj_name
                0x0000000000623470                cmd_obj_action_add
                0x0000000000623490                cmd_obj_del_show
                0x00000000006234c0                cmd_obj_obj
                0x00000000006234e0                cmd_obj_action
 *fill*         0x00000000006234f8        0x8 
 .data          0x0000000000623500       0x20 parse_obj_list.o
                0x0000000000623500                token_obj_list_ops
 .data          0x0000000000623520        0x0 /root/hpc/x86_64-native-linuxapp-gcc/lib/librte_mbuf.a(rte_mbuf.o)
 .data          0x0000000000623520        0x0 /root/hpc/x86_64-native-linuxapp-gcc/lib/librte_malloc.a(rte_malloc.o)
 .data          0x0000000000623520        0x0 /root/hpc/x86_64-native-linuxapp-gcc/lib/librte_malloc.a(malloc_elem.o)
 .data          0x0000000000623520        0x0 /root/hpc/x86_64-native-linuxapp-gcc/lib/librte_malloc.a(malloc_heap.o)
 .data          0x0000000000623520       0x38 /root/hpc/x86_64-native-linuxapp-gcc/lib/librte_mempool.a(rte_mempool.o)
 *fill*         0x0000000000623558        0x8 
 .data          0x0000000000623560       0x38 /root/hpc/x86_64-native-linuxapp-gcc/lib/librte_ring.a(rte_ring.o)
 *fill*         0x0000000000623598        0x8 
 .data          0x00000000006235a0      0x260 /root/hpc/x86_64-native-linuxapp-gcc/lib/librte_eal.a(eal.o)
 .data          0x0000000000623800        0x0 /root/hpc/x86_64-native-linuxapp-gcc/lib/librte_eal.a(eal_hugepage_info.o)
 .data          0x0000000000623800        0x0 /root/hpc/x86_64-native-linuxapp-gcc/lib/librte_eal.a(eal_memory.o)
 .data          0x0000000000623800        0x0 /root/hpc/x86_64-native-linuxapp-gcc/lib/librte_eal.a(eal_thread.o)
 .data          0x0000000000623800        0x0 /root/hpc/x86_64-native-linuxapp-gcc/lib/librte_eal.a(eal_log.o)
 .data          0x0000000000623800        0x0 /root/hpc/x86_64-native-linuxapp-gcc/lib/librte_eal.a(eal_debug.o)
 .data          0x0000000000623800        0x0 /root/hpc/x86_64-native-linuxapp-gcc/lib/librte_eal.a(eal_lcore.o)
 .data          0x0000000000623800        0x4 /root/hpc/x86_64-native-linuxapp-gcc/lib/librte_eal.a(eal_timer.o)
                0x0000000000623800                eal_timer_source
 .data          0x0000000000623804        0x0 /root/hpc/x86_64-native-linuxapp-gcc/lib/librte_eal.a(eal_common_memzone.o)
 *fill*         0x0000000000623804        0xc 
 .data          0x0000000000623810       0x20 /root/hpc/x86_64-native-linuxapp-gcc/lib/librte_eal.a(eal_common_log.o)
                0x0000000000623820                rte_logs
 .data          0x0000000000623830        0x0 /root/hpc/x86_64-native-linuxapp-gcc/lib/librte_eal.a(eal_common_launch.o)
 .data          0x0000000000623830        0x0 /root/hpc/x86_64-native-linuxapp-gcc/lib/librte_eal.a(eal_common_memory.o)
 .data          0x0000000000623830       0x20 /root/hpc/x86_64-native-linuxapp-gcc/lib/librte_eal.a(eal_common_tailqs.o)
 .data          0x0000000000623850        0x0 /root/hpc/x86_64-native-linuxapp-gcc/lib/librte_eal.a(eal_common_errno.o)
 .data          0x0000000000623850        0x0 /root/hpc/x86_64-native-linuxapp-gcc/lib/librte_eal.a(eal_common_cpuflags.o)
 .data          0x0000000000623850        0x0 /root/hpc/x86_64-native-linuxapp-gcc/lib/librte_eal.a(eal_common_string_fns.o)
 .data          0x0000000000623850        0x0 /root/hpc/x86_64-native-linuxapp-gcc/lib/librte_eal.a(eal_common_hexdump.o)
 .data          0x0000000000623850       0x10 /root/hpc/x86_64-native-linuxapp-gcc/lib/librte_eal.a(eal_common_devargs.o)
                0x0000000000623850                devargs_list
 .data          0x0000000000623860       0x10 /root/hpc/x86_64-native-linuxapp-gcc/lib/librte_eal.a(eal_common_dev.o)
 .data          0x0000000000623870        0x0 /root/hpc/x86_64-native-linuxapp-gcc/lib/librte_eal.a(eal_common_options.o)
 .data          0x0000000000623870        0x0 /root/hpc/x86_64-native-linuxapp-gcc/lib/librte_eal.a(eal_common_thread.o)
 .data          0x0000000000623870        0x0 /root/hpc/x86_64-native-linuxapp-gcc/lib/librte_cmdline.a(cmdline.o)
 .data          0x0000000000623870        0x0 /root/hpc/x86_64-native-linuxapp-gcc/lib/librte_cmdline.a(cmdline_cirbuf.o)
 .data          0x0000000000623870        0x0 /root/hpc/x86_64-native-linuxapp-gcc/lib/librte_cmdline.a(cmdline_parse.o)
 *fill*         0x0000000000623870       0x10 
 .data          0x0000000000623880       0x20 /root/hpc/x86_64-native-linuxapp-gcc/lib/librte_cmdline.a(cmdline_parse_etheraddr.o)
                0x0000000000623880                cmdline_token_etheraddr_ops
 .data          0x00000000006238a0       0x20 /root/hpc/x86_64-native-linuxapp-gcc/lib/librte_cmdline.a(cmdline_parse_ipaddr.o)
                0x00000000006238a0                cmdline_token_ipaddr_ops
 .data          0x00000000006238c0       0x20 /root/hpc/x86_64-native-linuxapp-gcc/lib/librte_cmdline.a(cmdline_parse_num.o)
                0x00000000006238c0                cmdline_token_num_ops
 .data          0x00000000006238e0       0x20 /root/hpc/x86_64-native-linuxapp-gcc/lib/librte_cmdline.a(cmdline_parse_string.o)
                0x00000000006238e0                cmdline_token_string_ops
 .data          0x0000000000623900        0x0 /root/hpc/x86_64-native-linuxapp-gcc/lib/librte_cmdline.a(cmdline_rdline.o)
 .data          0x0000000000623900       0xd0 /root/hpc/x86_64-native-linuxapp-gcc/lib/librte_cmdline.a(cmdline_vt100.o)
                0x0000000000623900                cmdline_vt100_commands
 .data          0x00000000006239d0        0x0 /root/hpc/x86_64-native-linuxapp-gcc/lib/librte_cmdline.a(cmdline_socket.o)
 *fill*         0x00000000006239d0       0x10 
 .data          0x00000000006239e0       0x20 /root/hpc/x86_64-native-linuxapp-gcc/lib/librte_cmdline.a(cmdline_parse_portlist.o)
                0x00000000006239e0                cmdline_token_portlist_ops
 .data          0x0000000000623a00        0x0 /root/hpc/x86_64-native-linuxapp-gcc/lib/librte_cfgfile.a(rte_cfgfile.o)
 .data          0x0000000000623a00        0x0 /usr/lib/x86_64-linux-gnu/libc_nonshared.a(elf-init.oS)
 .data          0x0000000000623a00        0x0 /usr/lib/gcc/x86_64-linux-gnu/4.8/crtend.o
 .data          0x0000000000623a00        0x0 /usr/lib/gcc/x86_64-linux-gnu/4.8/../../../x86_64-linux-gnu/crtn.o

.tm_clone_table
                0x0000000000623a00        0x0
 .tm_clone_table
                0x0000000000623a00        0x0 /usr/lib/gcc/x86_64-linux-gnu/4.8/crtbegin.o
 .tm_clone_table
                0x0000000000623a00        0x0 /usr/lib/gcc/x86_64-linux-gnu/4.8/crtend.o

.data1
 *(.data1)
                0x0000000000623a00                _edata = .
                0x0000000000623a00                PROVIDE (edata, .)
                0x0000000000623a00                . = .
                0x0000000000623a00                __bss_start = .

.bss            0x0000000000623a00    0x40040
 *(.dynbss)
 .dynbss        0x0000000000623a00       0x50 /usr/lib/gcc/x86_64-linux-gnu/4.8/../../../x86_64-linux-gnu/crt1.o
                0x0000000000623a00                stdout@@GLIBC_2.2.5
                0x0000000000623a08                stdin@@GLIBC_2.2.5
                0x0000000000623a20                optind@@GLIBC_2.2.5
                0x0000000000623a40                optarg@@GLIBC_2.2.5
                0x0000000000623a48                stderr@@GLIBC_2.2.5
 *(.bss .bss.* .gnu.linkonce.b.*)
 .bss           0x0000000000623a50        0x0 /usr/lib/gcc/x86_64-linux-gnu/4.8/../../../x86_64-linux-gnu/crt1.o
 .bss           0x0000000000623a50        0x0 /usr/lib/gcc/x86_64-linux-gnu/4.8/../../../x86_64-linux-gnu/crti.o
 .bss           0x0000000000623a50        0x1 /usr/lib/gcc/x86_64-linux-gnu/4.8/crtbegin.o
 .bss           0x0000000000623a51        0x0 main.o
 .bss           0x0000000000623a51        0x0 commands.o
 .bss           0x0000000000623a51        0x0 parse_obj_list.o
 .bss           0x0000000000623a51        0x0 /root/hpc/x86_64-native-linuxapp-gcc/lib/librte_mbuf.a(rte_mbuf.o)
 .bss           0x0000000000623a51        0x1 /root/hpc/x86_64-native-linuxapp-gcc/lib/librte_malloc.a(rte_malloc.o)
 .bss           0x0000000000623a52        0x1 /root/hpc/x86_64-native-linuxapp-gcc/lib/librte_malloc.a(malloc_elem.o)
 .bss           0x0000000000623a53        0x1 /root/hpc/x86_64-native-linuxapp-gcc/lib/librte_malloc.a(malloc_heap.o)
 .bss           0x0000000000623a54        0x1 /root/hpc/x86_64-native-linuxapp-gcc/lib/librte_mempool.a(rte_mempool.o)
 .bss           0x0000000000623a55        0x1 /root/hpc/x86_64-native-linuxapp-gcc/lib/librte_ring.a(rte_ring.o)
 *fill*         0x0000000000623a56        0xa 
 .bss           0x0000000000623a60    0x36859 /root/hpc/x86_64-native-linuxapp-gcc/lib/librte_eal.a(eal.o)
 *fill*         0x000000000065a2b9        0x7 
 .bss           0x000000000065a2c0        0x8 /root/hpc/x86_64-native-linuxapp-gcc/lib/librte_eal.a(eal_hugepage_info.o)
 *fill*         0x000000000065a2c8       0x18 
 .bss           0x000000000065a2e0     0x1009 /root/hpc/x86_64-native-linuxapp-gcc/lib/librte_eal.a(eal_memory.o)
 .bss           0x000000000065b2e9        0x0 /root/hpc/x86_64-native-linuxapp-gcc/lib/librte_eal.a(eal_thread.o)
 *fill*         0x000000000065b2e9        0x7 
 .bss           0x000000000065b2f0        0x9 /root/hpc/x86_64-native-linuxapp-gcc/lib/librte_eal.a(eal_log.o)
 .bss           0x000000000065b2f9        0x0 /root/hpc/x86_64-native-linuxapp-gcc/lib/librte_eal.a(eal_debug.o)
 .bss           0x000000000065b2f9        0x0 /root/hpc/x86_64-native-linuxapp-gcc/lib/librte_eal.a(eal_lcore.o)
 *fill*         0x000000000065b2f9        0x7 
 .bss           0x000000000065b300        0x8 /root/hpc/x86_64-native-linuxapp-gcc/lib/librte_eal.a(eal_timer.o)
 *fill*         0x000000000065b308        0x8 
 .bss           0x000000000065b310        0x9 /root/hpc/x86_64-native-linuxapp-gcc/lib/librte_eal.a(eal_common_memzone.o)
 *fill*         0x000000000065b319       0x27 
 .bss           0x000000000065b340     0x2039 /root/hpc/x86_64-native-linuxapp-gcc/lib/librte_eal.a(eal_common_log.o)
 .bss           0x000000000065d379        0x0 /root/hpc/x86_64-native-linuxapp-gcc/lib/librte_eal.a(eal_common_launch.o)
 .bss           0x000000000065d379        0x1 /root/hpc/x86_64-native-linuxapp-gcc/lib/librte_eal.a(eal_common_memory.o)
 .bss           0x000000000065d37a        0x1 /root/hpc/x86_64-native-linuxapp-gcc/lib/librte_eal.a(eal_common_tailqs.o)
 .bss           0x000000000065d37b        0x0 /root/hpc/x86_64-native-linuxapp-gcc/lib/librte_eal.a(eal_common_errno.o)
 .bss           0x000000000065d37b        0x0 /root/hpc/x86_64-native-linuxapp-gcc/lib/librte_eal.a(eal_common_cpuflags.o)
 .bss           0x000000000065d37b        0x0 /root/hpc/x86_64-native-linuxapp-gcc/lib/librte_eal.a(eal_common_string_fns.o)
 .bss           0x000000000065d37b        0x0 /root/hpc/x86_64-native-linuxapp-gcc/lib/librte_eal.a(eal_common_hexdump.o)
 .bss           0x000000000065d37b        0x0 /root/hpc/x86_64-native-linuxapp-gcc/lib/librte_eal.a(eal_common_devargs.o)
 .bss           0x000000000065d37b        0x0 /root/hpc/x86_64-native-linuxapp-gcc/lib/librte_eal.a(eal_common_dev.o)
 *fill*         0x000000000065d37b        0x5 
 .bss           0x000000000065d380      0x144 /root/hpc/x86_64-native-linuxapp-gcc/lib/librte_eal.a(eal_common_options.o)
 .bss           0x000000000065d4c4        0x0 /root/hpc/x86_64-native-linuxapp-gcc/lib/librte_eal.a(eal_common_thread.o)
 .bss           0x000000000065d4c4        0x0 /root/hpc/x86_64-native-linuxapp-gcc/lib/librte_cmdline.a(cmdline.o)
 .bss           0x000000000065d4c4        0x0 /root/hpc/x86_64-native-linuxapp-gcc/lib/librte_cmdline.a(cmdline_cirbuf.o)
 .bss           0x000000000065d4c4        0x0 /root/hpc/x86_64-native-linuxapp-gcc/lib/librte_cmdline.a(cmdline_parse.o)
 *fill*         0x000000000065d4c4        0xc 
 .bss           0x000000000065d4d0        0x6 /root/hpc/x86_64-native-linuxapp-gcc/lib/librte_cmdline.a(cmdline_parse_etheraddr.o)
 .bss           0x000000000065d4d6        0x0 /root/hpc/x86_64-native-linuxapp-gcc/lib/librte_cmdline.a(cmdline_parse_ipaddr.o)
 .bss           0x000000000065d4d6        0x0 /root/hpc/x86_64-native-linuxapp-gcc/lib/librte_cmdline.a(cmdline_parse_num.o)
 .bss           0x000000000065d4d6        0x0 /root/hpc/x86_64-native-linuxapp-gcc/lib/librte_cmdline.a(cmdline_parse_string.o)
 .bss           0x000000000065d4d6        0x0 /root/hpc/x86_64-native-linuxapp-gcc/lib/librte_cmdline.a(cmdline_rdline.o)
 .bss           0x000000000065d4d6        0x0 /root/hpc/x86_64-native-linuxapp-gcc/lib/librte_cmdline.a(cmdline_vt100.o)
 .bss           0x000000000065d4d6        0x0 /root/hpc/x86_64-native-linuxapp-gcc/lib/librte_cmdline.a(cmdline_socket.o)
 .bss           0x000000000065d4d6        0x0 /root/hpc/x86_64-native-linuxapp-gcc/lib/librte_cmdline.a(cmdline_parse_portlist.o)
 .bss           0x000000000065d4d6        0x0 /root/hpc/x86_64-native-linuxapp-gcc/lib/librte_cfgfile.a(rte_cfgfile.o)
 .bss           0x000000000065d4d6        0x0 /usr/lib/x86_64-linux-gnu/libc_nonshared.a(elf-init.oS)
 .bss           0x000000000065d4d6        0x0 /usr/lib/gcc/x86_64-linux-gnu/4.8/crtend.o
 .bss           0x000000000065d4d6        0x0 /usr/lib/gcc/x86_64-linux-gnu/4.8/../../../x86_64-linux-gnu/crtn.o
 *(COMMON)
 *fill*         0x000000000065d4d6        0x2 
 COMMON         0x000000000065d4d8        0x8 commands.o
                0x000000000065d4d8                global_obj_list
 COMMON         0x000000000065d4e0     0x6560 /root/hpc/x86_64-native-linuxapp-gcc/lib/librte_eal.a(eal.o)
                0x000000000065d4e0                internal_config
                0x000000000065d640                lcore_config
                0x0000000000663a40                . = ALIGN ((. != 0x0)?0x8:0x1)

.lbss
 *(.dynlbss)
 *(.lbss .lbss.* .gnu.linkonce.lb.*)
 *(LARGE_COMMON)
                0x0000000000663a40                . = ALIGN (0x8)
                0x0000000000663a40                . = SEGMENT_START ("ldata-segment", .)

.lrodata
 *(.lrodata .lrodata.* .gnu.linkonce.lr.*)

.ldata          0x0000000000a63a40        0x0
 *(.ldata .ldata.* .gnu.linkonce.l.*)
                0x0000000000a63a40                . = ALIGN ((. != 0x0)?0x8:0x1)
                0x0000000000a63a40                . = ALIGN (0x8)
                0x0000000000a63a40                _end = .
                0x0000000000a63a40                PROVIDE (end, .)
                0x0000000000a63a40                . = DATA_SEGMENT_END (.)

.stab
 *(.stab)

.stabstr
 *(.stabstr)

.stab.excl
 *(.stab.excl)

.stab.exclstr
 *(.stab.exclstr)

.stab.index
 *(.stab.index)

.stab.indexstr
 *(.stab.indexstr)

.comment        0x0000000000000000       0x24
 *(.comment)
 .comment       0x0000000000000000       0x24 /usr/lib/gcc/x86_64-linux-gnu/4.8/crtbegin.o
                                         0x25 (size before relaxing)
 .comment       0x0000000000000000       0x25 main.o
 .comment       0x0000000000000000       0x25 commands.o
 .comment       0x0000000000000000       0x25 parse_obj_list.o
 .comment       0x0000000000000000       0x25 /root/hpc/x86_64-native-linuxapp-gcc/lib/librte_mbuf.a(rte_mbuf.o)
 .comment       0x0000000000000000       0x25 /root/hpc/x86_64-native-linuxapp-gcc/lib/librte_malloc.a(rte_malloc.o)
 .comment       0x0000000000000000       0x25 /root/hpc/x86_64-native-linuxapp-gcc/lib/librte_malloc.a(malloc_elem.o)
 .comment       0x0000000000000000       0x25 /root/hpc/x86_64-native-linuxapp-gcc/lib/librte_malloc.a(malloc_heap.o)
 .comment       0x0000000000000000       0x25 /root/hpc/x86_64-native-linuxapp-gcc/lib/librte_mempool.a(rte_mempool.o)
 .comment       0x0000000000000000       0x25 /root/hpc/x86_64-native-linuxapp-gcc/lib/librte_ring.a(rte_ring.o)
 .comment       0x0000000000000000       0x25 /root/hpc/x86_64-native-linuxapp-gcc/lib/librte_eal.a(eal.o)
 .comment       0x0000000000000000       0x25 /root/hpc/x86_64-native-linuxapp-gcc/lib/librte_eal.a(eal_hugepage_info.o)
 .comment       0x0000000000000000       0x25 /root/hpc/x86_64-native-linuxapp-gcc/lib/librte_eal.a(eal_memory.o)
 .comment       0x0000000000000000       0x25 /root/hpc/x86_64-native-linuxapp-gcc/lib/librte_eal.a(eal_thread.o)
 .comment       0x0000000000000000       0x25 /root/hpc/x86_64-native-linuxapp-gcc/lib/librte_eal.a(eal_log.o)
 .comment       0x0000000000000000       0x25 /root/hpc/x86_64-native-linuxapp-gcc/lib/librte_eal.a(eal_debug.o)
 .comment       0x0000000000000000       0x25 /root/hpc/x86_64-native-linuxapp-gcc/lib/librte_eal.a(eal_lcore.o)
 .comment       0x0000000000000000       0x25 /root/hpc/x86_64-native-linuxapp-gcc/lib/librte_eal.a(eal_timer.o)
 .comment       0x0000000000000000       0x25 /root/hpc/x86_64-native-linuxapp-gcc/lib/librte_eal.a(eal_common_memzone.o)
 .comment       0x0000000000000000       0x25 /root/hpc/x86_64-native-linuxapp-gcc/lib/librte_eal.a(eal_common_log.o)
 .comment       0x0000000000000000       0x25 /root/hpc/x86_64-native-linuxapp-gcc/lib/librte_eal.a(eal_common_launch.o)
 .comment       0x0000000000000000       0x25 /root/hpc/x86_64-native-linuxapp-gcc/lib/librte_eal.a(eal_common_memory.o)
 .comment       0x0000000000000000       0x25 /root/hpc/x86_64-native-linuxapp-gcc/lib/librte_eal.a(eal_common_tailqs.o)
 .comment       0x0000000000000000       0x25 /root/hpc/x86_64-native-linuxapp-gcc/lib/librte_eal.a(eal_common_errno.o)
 .comment       0x0000000000000000       0x25 /root/hpc/x86_64-native-linuxapp-gcc/lib/librte_eal.a(eal_common_cpuflags.o)
 .comment       0x0000000000000000       0x25 /root/hpc/x86_64-native-linuxapp-gcc/lib/librte_eal.a(eal_common_string_fns.o)
 .comment       0x0000000000000000       0x25 /root/hpc/x86_64-native-linuxapp-gcc/lib/librte_eal.a(eal_common_hexdump.o)
 .comment       0x0000000000000000       0x25 /root/hpc/x86_64-native-linuxapp-gcc/lib/librte_eal.a(eal_common_devargs.o)
 .comment       0x0000000000000000       0x25 /root/hpc/x86_64-native-linuxapp-gcc/lib/librte_eal.a(eal_common_dev.o)
 .comment       0x0000000000000000       0x25 /root/hpc/x86_64-native-linuxapp-gcc/lib/librte_eal.a(eal_common_options.o)
 .comment       0x0000000000000000       0x25 /root/hpc/x86_64-native-linuxapp-gcc/lib/librte_eal.a(eal_common_thread.o)
 .comment       0x0000000000000000       0x25 /root/hpc/x86_64-native-linuxapp-gcc/lib/librte_cmdline.a(cmdline.o)
 .comment       0x0000000000000000       0x25 /root/hpc/x86_64-native-linuxapp-gcc/lib/librte_cmdline.a(cmdline_cirbuf.o)
 .comment       0x0000000000000000       0x25 /root/hpc/x86_64-native-linuxapp-gcc/lib/librte_cmdline.a(cmdline_parse.o)
 .comment       0x0000000000000000       0x25 /root/hpc/x86_64-native-linuxapp-gcc/lib/librte_cmdline.a(cmdline_parse_etheraddr.o)
 .comment       0x0000000000000000       0x25 /root/hpc/x86_64-native-linuxapp-gcc/lib/librte_cmdline.a(cmdline_parse_ipaddr.o)
 .comment       0x0000000000000000       0x25 /root/hpc/x86_64-native-linuxapp-gcc/lib/librte_cmdline.a(cmdline_parse_num.o)
 .comment       0x0000000000000000       0x25 /root/hpc/x86_64-native-linuxapp-gcc/lib/librte_cmdline.a(cmdline_parse_string.o)
 .comment       0x0000000000000000       0x25 /root/hpc/x86_64-native-linuxapp-gcc/lib/librte_cmdline.a(cmdline_rdline.o)
 .comment       0x0000000000000000       0x25 /root/hpc/x86_64-native-linuxapp-gcc/lib/librte_cmdline.a(cmdline_vt100.o)
 .comment       0x0000000000000000       0x25 /root/hpc/x86_64-native-linuxapp-gcc/lib/librte_cmdline.a(cmdline_socket.o)
 .comment       0x0000000000000000       0x25 /root/hpc/x86_64-native-linuxapp-gcc/lib/librte_cmdline.a(cmdline_parse_portlist.o)
 .comment       0x0000000000000000       0x25 /root/hpc/x86_64-native-linuxapp-gcc/lib/librte_cfgfile.a(rte_cfgfile.o)
 .comment       0x0000000000000000       0x25 /usr/lib/x86_64-linux-gnu/libc_nonshared.a(elf-init.oS)
 .comment       0x0000000000000000       0x25 /usr/lib/gcc/x86_64-linux-gnu/4.8/crtend.o

.debug
 *(.debug)

.line
 *(.line)

.debug_srcinfo
 *(.debug_srcinfo)

.debug_sfnames
 *(.debug_sfnames)

.debug_aranges
 *(.debug_aranges)

.debug_pubnames
 *(.debug_pubnames)

.debug_info
 *(.debug_info .gnu.linkonce.wi.*)

.debug_abbrev
 *(.debug_abbrev)

.debug_line
 *(.debug_line .debug_line.* .debug_line_end)

.debug_frame
 *(.debug_frame)

.debug_str
 *(.debug_str)

.debug_loc
 *(.debug_loc)

.debug_macinfo
 *(.debug_macinfo)

.debug_weaknames
 *(.debug_weaknames)

.debug_funcnames
 *(.debug_funcnames)

.debug_typenames
 *(.debug_typenames)

.debug_varnames
 *(.debug_varnames)

.debug_pubtypes
 *(.debug_pubtypes)

.debug_ranges
 *(.debug_ranges)

.debug_macro
 *(.debug_macro)

.gnu.attributes
 *(.gnu.attributes)

/DISCARD/
 *(.note.GNU-stack)
 *(.gnu_debuglink)
 *(.gnu.lto_*)
OUTPUT(cmdline elf64-x86-64)

Cross Reference Table

Symbol                                            File
GLIBC_2.10                                        /lib/x86_64-linux-gnu/libc.so.6
GLIBC_2.11                                        /lib/x86_64-linux-gnu/libpthread.so.0
                                                  /lib/x86_64-linux-gnu/libc.so.6
GLIBC_2.12                                        /lib/x86_64-linux-gnu/libpthread.so.0
                                                  /lib/x86_64-linux-gnu/libc.so.6
GLIBC_2.13                                        /lib/x86_64-linux-gnu/libc.so.6
GLIBC_2.14                                        /lib/x86_64-linux-gnu/libc.so.6
GLIBC_2.15                                        /usr/lib/gcc/x86_64-linux-gnu/4.8/../../../x86_64-linux-gnu/libm.so
                                                  /lib/x86_64-linux-gnu/libc.so.6
GLIBC_2.16                                        /lib/x86_64-linux-gnu/libc.so.6
GLIBC_2.17                                        /lib/x86_64-linux-gnu/libc.so.6
GLIBC_2.18                                        /usr/lib/gcc/x86_64-linux-gnu/4.8/../../../x86_64-linux-gnu/libm.so
                                                  /lib/x86_64-linux-gnu/libc.so.6
                                                  /lib/x86_64-linux-gnu/libpthread.so.0
GLIBC_2.2.5                                       /usr/lib/gcc/x86_64-linux-gnu/4.8/../../../x86_64-linux-gnu/librt.so
                                                  /lib/x86_64-linux-gnu/ld-linux-x86-64.so.2
                                                  /lib/x86_64-linux-gnu/libc.so.6
                                                  /lib/x86_64-linux-gnu/libpthread.so.0
                                                  /usr/lib/gcc/x86_64-linux-gnu/4.8/../../../x86_64-linux-gnu/libdl.so
                                                  /usr/lib/gcc/x86_64-linux-gnu/4.8/../../../x86_64-linux-gnu/libm.so
GLIBC_2.2.6                                       /lib/x86_64-linux-gnu/libpthread.so.0
                                                  /lib/x86_64-linux-gnu/libc.so.6
GLIBC_2.3                                         /lib/x86_64-linux-gnu/libc.so.6
                                                  /lib/x86_64-linux-gnu/ld-linux-x86-64.so.2
GLIBC_2.3.2                                       /lib/x86_64-linux-gnu/libpthread.so.0
                                                  /lib/x86_64-linux-gnu/libc.so.6
GLIBC_2.3.3                                       /usr/lib/gcc/x86_64-linux-gnu/4.8/../../../x86_64-linux-gnu/librt.so
                                                  /lib/x86_64-linux-gnu/libc.so.6
                                                  /lib/x86_64-linux-gnu/libpthread.so.0
                                                  /usr/lib/gcc/x86_64-linux-gnu/4.8/../../../x86_64-linux-gnu/libdl.so
GLIBC_2.3.4                                       /usr/lib/gcc/x86_64-linux-gnu/4.8/../../../x86_64-linux-gnu/librt.so
                                                  /lib/x86_64-linux-gnu/libc.so.6
                                                  /lib/x86_64-linux-gnu/libpthread.so.0
                                                  /usr/lib/gcc/x86_64-linux-gnu/4.8/../../../x86_64-linux-gnu/libdl.so
GLIBC_2.4                                         /usr/lib/gcc/x86_64-linux-gnu/4.8/../../../x86_64-linux-gnu/librt.so
                                                  /lib/x86_64-linux-gnu/ld-linux-x86-64.so.2
                                                  /lib/x86_64-linux-gnu/libc.so.6
                                                  /lib/x86_64-linux-gnu/libpthread.so.0
                                                  /usr/lib/gcc/x86_64-linux-gnu/4.8/../../../x86_64-linux-gnu/libm.so
GLIBC_2.5                                         /lib/x86_64-linux-gnu/libc.so.6
GLIBC_2.6                                         /lib/x86_64-linux-gnu/libc.so.6
GLIBC_2.7                                         /usr/lib/gcc/x86_64-linux-gnu/4.8/../../../x86_64-linux-gnu/librt.so
                                                  /lib/x86_64-linux-gnu/libc.so.6
GLIBC_2.8                                         /lib/x86_64-linux-gnu/libc.so.6
GLIBC_2.9                                         /lib/x86_64-linux-gnu/libc.so.6
GLIBC_PRIVATE                                     /usr/lib/gcc/x86_64-linux-gnu/4.8/../../../x86_64-linux-gnu/libdl.so
                                                  /lib/x86_64-linux-gnu/ld-linux-x86-64.so.2
                                                  /lib/x86_64-linux-gnu/libc.so.6
                                                  /lib/x86_64-linux-gnu/libpthread.so.0
_DYNAMIC                                          /usr/lib/gcc/x86_64-linux-gnu/4.8/../../../x86_64-linux-gnu/crt1.o
_Exit                                             /lib/x86_64-linux-gnu/libc.so.6
_Exit@@GLIBC_2.2.5                                /lib/x86_64-linux-gnu/libc.so.6
_Exit@GLIBC_2.2.5                                 /lib/x86_64-linux-gnu/libc.so.6
_GLOBAL_OFFSET_TABLE_                             /usr/lib/gcc/x86_64-linux-gnu/4.8/../../../x86_64-linux-gnu/crt1.o
                                                  /usr/lib/x86_64-linux-gnu/libc_nonshared.a(elf-init.oS)
                                                  /root/hpc/x86_64-native-linuxapp-gcc/lib/librte_eal.a(eal_common_thread.o)
                                                  /root/hpc/x86_64-native-linuxapp-gcc/lib/librte_eal.a(eal_common_errno.o)
                                                  /root/hpc/x86_64-native-linuxapp-gcc/lib/librte_eal.a(eal_common_log.o)